C:\Users\diazs\Desktop\Programacion escuela\Redes y Protocolos\Sistemas embebidos\curso-lse\workspace_lpc845\Tp_Integrador\drivers/fsl_clock.h:558:20:CLOCK_EnableClock	16	static
C:\Users\diazs\Desktop\Programacion escuela\Redes y Protocolos\Sistemas embebidos\curso-lse\workspace_lpc845\Tp_Integrador\drivers/fsl_clock.h:569:20:CLOCK_DisableClock	16	static
C:\Users\diazs\Desktop\Programacion escuela\Redes y Protocolos\Sistemas embebidos\curso-lse\workspace_lpc845\Tp_Integrador\drivers/fsl_gpio.h:153:20:GPIO_PinWrite	24	static
C:\Users\diazs\Desktop\Programacion escuela\Redes y Protocolos\Sistemas embebidos\curso-lse\workspace_lpc845\Tp_Integrador\drivers/fsl_gpio.h:172:24:GPIO_PinRead	24	static
C:\Users\diazs\Desktop\Programacion escuela\Redes y Protocolos\Sistemas embebidos\curso-lse\workspace_lpc845\Tp_Integrador\drivers/fsl_adc.h:481:20:ADC_DoSoftwareTriggerConvSeqA	16	static
C:\Users\diazs\Desktop\Programacion escuela\Redes y Protocolos\Sistemas embebidos\curso-lse\workspace_lpc845\Tp_Integrador\drivers/fsl_adc.h:754:24:ADC_GetStatusFlags	16	static
C:\Users\diazs\Desktop\Programacion escuela\Redes y Protocolos\Sistemas embebidos\curso-lse\workspace_lpc845\Tp_Integrador\drivers/fsl_adc.h:765:20:ADC_ClearStatusFlags	16	static
C:\Users\diazs\Desktop\Programacion escuela\Redes y Protocolos\Sistemas embebidos\curso-lse\workspace_lpc845\Tp_Integrador\drivers/fsl_sctimer.h:503:20:SCTIMER_StartTimer	16	static
../source/wrappers.h:29:20:wrapper_gpio_init	16	static
../source/wrappers.h:46:20:wrapper_display_off	8	static
../source/wrappers.h:56:20:wrapper_display_on	16	static
../source/Tp_Integrador.c:52:6:task_init	56	static
../source/Tp_Integrador.c:113:6:task_BH1750	32	static
../source/Tp_Integrador.c:138:6:task_setpoint	24	static
../source/Tp_Integrador.c:168:6:task_btn	24	static
../source/Tp_Integrador.c:187:6:task_display_write	32	static
../source/Tp_Integrador.c:216:6:task_adc	16	static
../source/Tp_Integrador.c:226:6:ADC0_SEQA_IRQHandler	32	static
../source/Tp_Integrador.c:245:6:task_blueled	32	static
../source/Tp_Integrador.c:259:6:task_consola	48	static
../source/Tp_Integrador.c:289:5:main	16	static
