C:\Users\diazs\Desktop\Programacion escuela\Redes y Protocolos\Sistemas embebidos\curso-lse\workspace_lpc845\Tp_Integrador\CMSIS/core_cm0plus.h:741:22:__NVIC_EnableIRQ	16	static
C:\Users\diazs\Desktop\Programacion escuela\Redes y Protocolos\Sistemas embebidos\curso-lse\workspace_lpc845\Tp_Integrador\drivers/fsl_clock.h:558:20:CLOCK_EnableClock	16	static
C:\Users\diazs\Desktop\Programacion escuela\Redes y Protocolos\Sistemas embebidos\curso-lse\workspace_lpc845\Tp_Integrador\drivers/fsl_clock.h:569:20:CLOCK_DisableClock	16	static
C:\Users\diazs\Desktop\Programacion escuela\Redes y Protocolos\Sistemas embebidos\curso-lse\workspace_lpc845\Tp_Integrador\drivers/fsl_clock.h:580:20:CLOCK_Select	16	static
C:\Users\diazs\Desktop\Programacion escuela\Redes y Protocolos\Sistemas embebidos\curso-lse\workspace_lpc845\Tp_Integrador\drivers/fsl_clock.h:591:20:CLOCK_SetClkDivider	16	static
C:\Users\diazs\Desktop\Programacion escuela\Redes y Protocolos\Sistemas embebidos\curso-lse\workspace_lpc845\Tp_Integrador\drivers/fsl_clock.h:601:24:CLOCK_GetClkDivider	16	static
C:\Users\diazs\Desktop\Programacion escuela\Redes y Protocolos\Sistemas embebidos\curso-lse\workspace_lpc845\Tp_Integrador\drivers/fsl_gpio.h:153:20:GPIO_PinWrite	24	static
C:\Users\diazs\Desktop\Programacion escuela\Redes y Protocolos\Sistemas embebidos\curso-lse\workspace_lpc845\Tp_Integrador\drivers/fsl_power.h:153:20:POWER_DisablePD	16	static
C:\Users\diazs\Desktop\Programacion escuela\Redes y Protocolos\Sistemas embebidos\curso-lse\workspace_lpc845\Tp_Integrador\drivers/fsl_adc.h:456:20:ADC_EnableConvSeqA	16	static
C:\Users\diazs\Desktop\Programacion escuela\Redes y Protocolos\Sistemas embebidos\curso-lse\workspace_lpc845\Tp_Integrador\drivers/fsl_adc.h:711:20:ADC_EnableInterrupts	16	static
C:\Users\diazs\Desktop\Programacion escuela\Redes y Protocolos\Sistemas embebidos\curso-lse\workspace_lpc845\Tp_Integrador\drivers/fsl_sctimer.h:503:20:SCTIMER_StartTimer	16	static
C:\Users\diazs\Desktop\Programacion escuela\Redes y Protocolos\Sistemas embebidos\curso-lse\workspace_lpc845\Tp_Integrador\drivers/fsl_i2c.h:620:24:I2C_MasterRepeatedStart	16	static
../source/wrappers.c:17:6:wrapper_adc_init	48	static
../source/wrappers.c:63:6:wrapper_btn_init	40	static
../source/wrappers.c:75:6:wrapper_display_init	56	static
../source/wrappers.c:89:6:wrapper_display_write	72	static
../source/wrappers.c:105:6:wrapper_pwm_init	48	static
../source/wrappers.c:141:6:wrapper_pwm_update	16	static
../source/wrappers.c:156:6:wrapper_i2c_init	24	static
../source/wrappers.c:175:6:wrapper_bh1750_init	16	static
../source/wrappers.c:192:7:wrapper_bh1750_read	16	static
