Archive member included to satisfy reference by file (symbol)

C:\Users\diazs\Desktop\Programacion escuela\Redes y Protocolos\Sistemas embebidos\curso-lse\lpc845\ejemplos\freertos\Debug\libfreertos.a(queue.o)
                              ./source/Tp_Integrador.o (xQueueGenericCreate)
C:\Users\diazs\Desktop\Programacion escuela\Redes y Protocolos\Sistemas embebidos\curso-lse\lpc845\ejemplos\freertos\Debug\libfreertos.a(tasks.o)
                              ./source/Tp_Integrador.o (xTaskCreate)
C:\Users\diazs\Desktop\Programacion escuela\Redes y Protocolos\Sistemas embebidos\curso-lse\lpc845\ejemplos\freertos\Debug\libfreertos.a(heap_2.o)
                              C:\Users\diazs\Desktop\Programacion escuela\Redes y Protocolos\Sistemas embebidos\curso-lse\lpc845\ejemplos\freertos\Debug\libfreertos.a(queue.o) (pvPortMalloc)
C:\Users\diazs\Desktop\Programacion escuela\Redes y Protocolos\Sistemas embebidos\curso-lse\lpc845\ejemplos\freertos\Debug\libfreertos.a(list.o)
                              C:\Users\diazs\Desktop\Programacion escuela\Redes y Protocolos\Sistemas embebidos\curso-lse\lpc845\ejemplos\freertos\Debug\libfreertos.a(queue.o) (vListInitialise)
C:\Users\diazs\Desktop\Programacion escuela\Redes y Protocolos\Sistemas embebidos\curso-lse\lpc845\ejemplos\freertos\Debug\libfreertos.a(port.o)
                              C:\Users\diazs\Desktop\Programacion escuela\Redes y Protocolos\Sistemas embebidos\curso-lse\lpc845\ejemplos\freertos\Debug\libfreertos.a(tasks.o) (pxPortInitialiseStack)
C:/nxp/MCUXpressoIDE_11.10.0_3148/ide/plugins/com.nxp.mcuxpresso.tools.win32_11.10.0.202311280810/tools/bin/../lib/gcc/arm-none-eabi/13.2.1/../../../../arm-none-eabi/lib/thumb/v6-m/nofp\libcr_semihost_nf.a(_cr__main.o)
                              ./startup/startup_lpc845.o (__main)
C:/nxp/MCUXpressoIDE_11.10.0_3148/ide/plugins/com.nxp.mcuxpresso.tools.win32_11.10.0.202311280810/tools/bin/../lib/gcc/arm-none-eabi/13.2.1/../../../../arm-none-eabi/lib/thumb/v6-m/nofp\libcr_c.a(memcpy.o)
                              ./utilities/fsl_str.o (memcpy)
C:/nxp/MCUXpressoIDE_11.10.0_3148/ide/plugins/com.nxp.mcuxpresso.tools.win32_11.10.0.202311280810/tools/bin/../lib/gcc/arm-none-eabi/13.2.1/../../../../arm-none-eabi/lib/thumb/v6-m/nofp\libcr_c.a(memset.o)
                              ./source/wrappers.o (memset)
C:/nxp/MCUXpressoIDE_11.10.0_3148/ide/plugins/com.nxp.mcuxpresso.tools.win32_11.10.0.202311280810/tools/bin/../lib/gcc/arm-none-eabi/13.2.1/../../../../arm-none-eabi/lib/thumb/v6-m/nofp\libcr_c.a(alloc.o)
                              ./drivers/fsl_common.o (malloc)
C:/nxp/MCUXpressoIDE_11.10.0_3148/ide/plugins/com.nxp.mcuxpresso.tools.win32_11.10.0.202311280810/tools/bin/../lib/gcc/arm-none-eabi/13.2.1/../../../../arm-none-eabi/lib/thumb/v6-m/nofp\libcr_c.a(errno.o)
                              ./utilities/fsl_str.o (errno)
C:/nxp/MCUXpressoIDE_11.10.0_3148/ide/plugins/com.nxp.mcuxpresso.tools.win32_11.10.0.202311280810/tools/bin/../lib/gcc/arm-none-eabi/13.2.1/../../../../arm-none-eabi/lib/thumb/v6-m/nofp\libcr_c.a(initio.o)
                              C:/nxp/MCUXpressoIDE_11.10.0_3148/ide/plugins/com.nxp.mcuxpresso.tools.win32_11.10.0.202311280810/tools/bin/../lib/gcc/arm-none-eabi/13.2.1/../../../../arm-none-eabi/lib/thumb/v6-m/nofp\libcr_semihost_nf.a(_cr__main.o) (_initio)
C:/nxp/MCUXpressoIDE_11.10.0_3148/ide/plugins/com.nxp.mcuxpresso.tools.win32_11.10.0.202311280810/tools/bin/../lib/gcc/arm-none-eabi/13.2.1/../../../../arm-none-eabi/lib/thumb/v6-m/nofp\libcr_c.a(printf.o)
                              ./utilities/fsl_assert.o (_printf)
C:/nxp/MCUXpressoIDE_11.10.0_3148/ide/plugins/com.nxp.mcuxpresso.tools.win32_11.10.0.202311280810/tools/bin/../lib/gcc/arm-none-eabi/13.2.1/../../../../arm-none-eabi/lib/thumb/v6-m/nofp\libcr_c.a(scanf.o)
                              ./utilities/fsl_str.o (strtoul)
C:/nxp/MCUXpressoIDE_11.10.0_3148/ide/plugins/com.nxp.mcuxpresso.tools.win32_11.10.0.202311280810/tools/bin/../lib/gcc/arm-none-eabi/13.2.1/../../../../arm-none-eabi/lib/thumb/v6-m/nofp\libcr_c.a(setvbuf.o)
                              C:/nxp/MCUXpressoIDE_11.10.0_3148/ide/plugins/com.nxp.mcuxpresso.tools.win32_11.10.0.202311280810/tools/bin/../lib/gcc/arm-none-eabi/13.2.1/../../../../arm-none-eabi/lib/thumb/v6-m/nofp\libcr_c.a(initio.o) (setvbuf)
C:/nxp/MCUXpressoIDE_11.10.0_3148/ide/plugins/com.nxp.mcuxpresso.tools.win32_11.10.0.202311280810/tools/bin/../lib/gcc/arm-none-eabi/13.2.1/../../../../arm-none-eabi/lib/thumb/v6-m/nofp\libcr_c.a(strlen.o)
                              ./utilities/fsl_str.o (strlen)
C:/nxp/MCUXpressoIDE_11.10.0_3148/ide/plugins/com.nxp.mcuxpresso.tools.win32_11.10.0.202311280810/tools/bin/../lib/gcc/arm-none-eabi/13.2.1/../../../../arm-none-eabi/lib/thumb/v6-m/nofp\libcr_c.a(ungetc.o)
[...]
Memory Configuration

Name             Origin             Length             Attributes
PROGRAM_FLASH    0x00000000         0x00010000         xr
SRAM             0x10000000         0x00003fe0         xrw
IAP_SRAM         0x10003fe0         0x00000020         xrw
*default*        0x00000000         0xffffffff

Linker script and memory map

LOAD ./utilities/fsl_assert.o
LOAD ./utilities/fsl_debug_console.o
LOAD ./utilities/fsl_str.o
LOAD ./startup/startup_lpc845.o
LOAD ./source/Tp_Integrador.o
LOAD ./source/mtb.o
LOAD ./source/semihost_hardfault.o
LOAD ./source/wrappers.o
LOAD ./drivers/fsl_adc.o
LOAD ./drivers/fsl_clock.o
LOAD ./drivers/fsl_common.o
LOAD ./drivers/fsl_common_arm.o
LOAD ./drivers/fsl_ctimer.o
LOAD ./drivers/fsl_dac.o
LOAD ./drivers/fsl_gpio.o
LOAD ./drivers/fsl_i2c.o
LOAD ./drivers/fsl_power.o
LOAD ./drivers/fsl_reset.o
LOAD ./drivers/fsl_sctimer.o
LOAD ./drivers/fsl_spi.o
LOAD ./drivers/fsl_swm.o
LOAD ./drivers/fsl_usart.o
LOAD ./device/system_LPC845.o
LOAD ./component/uart/fsl_adapter_miniusart.o
LOAD ./board/board.o
LOAD ./board/clock_config.o
LOAD ./board/peripherals.o
LOAD ./board/pin_mux.o
LOAD C:\Users\diazs\Desktop\Programacion escuela\Redes y Protocolos\Sistemas embebidos\curso-lse\lpc845\ejemplos\freertos\Debug\libfreertos.a
START GROUP
LOAD C:/nxp/MCUXpressoIDE_11.10.0_3148/ide/plugins/com.nxp.mcuxpresso.tools.win32_11.10.0.202311280810/tools/bin/../lib/gcc/arm-none-eabi/13.2.1/../../../../arm-none-eabi/lib/thumb/v6-m/nofp\libcr_semihost_nf.a
LOAD C:/nxp/MCUXpressoIDE_11.10.0_3148/ide/plugins/com.nxp.mcuxpresso.tools.win32_11.10.0.202311280810/tools/bin/../lib/gcc/arm-none-eabi/13.2.1/../../../../arm-none-eabi/lib/thumb/v6-m/nofp\libcr_c.a
LOAD C:/nxp/MCUXpressoIDE_11.10.0_3148/ide/plugins/com.nxp.mcuxpresso.tools.win32_11.10.0.202311280810/tools/bin/../lib/gcc/arm-none-eabi/13.2.1/thumb/v6-m/nofp\libcr_eabihelpers.a
LOAD C:/nxp/MCUXpressoIDE_11.10.0_3148/ide/plugins/com.nxp.mcuxpresso.tools.win32_11.10.0.202311280810/tools/bin/../lib/gcc/arm-none-eabi/13.2.1/thumb/v6-m/nofp\libgcc.a
END GROUP
                0x00000000                        __base_PROGRAM_FLASH = 0x0
                0x00000000                        __base_Flash = 0x0
                0x00010000                        __top_PROGRAM_FLASH = 0x10000
                0x00010000                        __top_Flash = 0x10000
                0x10000000                        __base_SRAM = 0x10000000
                0x10000000                        __base_RAM = 0x10000000
                0x10003fe0                        __top_SRAM = 0x10003fe0
                0x10003fe0                        __top_RAM = 0x10003fe0
                0x10003fe0                        __base_IAP_SRAM = 0x10003fe0
                0x10003fe0                        __base_RAM2 = 0x10003fe0
                0x10004000                        __top_IAP_SRAM = 0x10004000
                0x10004000                        __top_RAM2 = 0x10004000

.text           0x00000000     0x7f9c
 FILL mask 0xff
                0x00000000                        __vectors_start__ = ABSOLUTE (.)
 *(SORT_BY_ALIGNMENT(.isr_vector))
 .isr_vector    0x00000000       0xc0 ./startup/startup_lpc845.o
                0x00000000                g_pfnVectors
                0x00000000                __Vectors
                0x000000c0                        . = ALIGN (0x4)
                0x000000c0                        __section_table_start = .
                0x000000c0                        __data_section_table = .
                0x000000c0        0x4 LONG 0x7f9c LOADADDR (.data)
                0x000000c4        0x4 LONG 0x10000080 ADDR (.data)
                0x000000c8        0x4 LONG 0xc SIZEOF (.data)
                0x000000cc        0x4 LONG 0x7f9c LOADADDR (.data_RAM2)
                0x000000d0        0x4 LONG 0x10003fe0 ADDR (.data_RAM2)
                0x000000d4        0x4 LONG 0x0 SIZEOF (.data_RAM2)
                0x000000d8                        __data_section_table_end = .
                0x000000d8                        __bss_section_table = .
                0x000000d8        0x4 LONG 0x1000008c ADDR (.bss)
                0x000000dc        0x4 LONG 0x22b8 SIZEOF (.bss)
                0x000000e0        0x4 LONG 0x10003fe0 ADDR (.bss_RAM2)
                0x000000e4        0x4 LONG 0x0 SIZEOF (.bss_RAM2)
                0x000000e8                        __bss_section_table_end = .
                0x000000e8                        __section_table_end = .
 *(SORT_BY_ALIGNMENT(.after_vectors*))
 .after_vectors.reset
                0x000000e8       0x54 ./startup/startup_lpc845.o
                0x000000e8                ResetISR
 .after_vectors.init_data
                0x0000013c       0x12 ./startup/startup_lpc845.o
                0x0000013c                data_init
 .after_vectors.init_bss
                0x0000014e       0x10 ./startup/startup_lpc845.o
                0x0000014e                bss_init
 .after_vectors
                0x0000015e      0x10c ./startup/startup_lpc845.o
                0x0000015e                NMI_Handler
                0x00000168                ADC0_OVR_DriverIRQHandler
                0x00000168                ADC0_SEQB_DriverIRQHandler
                0x00000168                DMA0_DriverIRQHandler
                0x00000168                FLASH_DriverIRQHandler
                0x00000168                PIN_INT1_DriverIRQHandler
                0x00000168                IntDefaultHandler
                0x00000168                Reserved22_DriverIRQHandler
                0x00000168                I2C3_DriverIRQHandler
                0x00000168                BOD_DriverIRQHandler
                0x00000168                PIN_INT3_DriverIRQHandler
                0x00000168                PIN_INT5_DAC1_DriverIRQHandler
                0x00000168                PIN_INT2_DriverIRQHandler
                0x00000168                ADC0_THCMP_DriverIRQHandler
                0x00000168                PIN_INT0_DriverIRQHandler
                0x00000168                CMP_CAPT_DriverIRQHandler
                0x00000168                WDT_DriverIRQHandler
                0x00000168                ADC0_SEQA_DriverIRQHandler
                0x00000168                WKT_DriverIRQHandler
                0x00000168                DAC0_DriverIRQHandler
                0x00000168                MRT0_DriverIRQHandler
                0x00000168                PIN_INT4_DriverIRQHandler
                0x0000016a                SPI0_IRQHandler
                0x00000172                SPI1_IRQHandler
                0x0000017a                DAC0_IRQHandler
                0x00000182                USART0_IRQHandler
                0x0000018a                USART1_IRQHandler
                0x00000192                USART2_IRQHandler
                0x0000019a                Reserved22_IRQHandler
                0x000001a2                I2C1_IRQHandler
                0x000001aa                I2C0_IRQHandler
                0x000001b2                SCT0_IRQHandler
                0x000001ba                MRT0_IRQHandler
                0x000001c2                CMP_CAPT_IRQHandler
                0x000001ca                WDT_IRQHandler
                0x000001d2                BOD_IRQHandler
                0x000001da                FLASH_IRQHandler
                0x000001e2                WKT_IRQHandler
                0x000001f2                ADC0_SEQB_IRQHandler
                0x000001fa                ADC0_THCMP_IRQHandler
                0x00000202                ADC0_OVR_IRQHandler
                0x0000020a                DMA0_IRQHandler
                0x00000212                I2C2_IRQHandler
                0x0000021a                I2C3_IRQHandler
                0x00000222                CTIMER0_IRQHandler
                0x0000022a                PIN_INT0_IRQHandler
                0x00000232                PIN_INT1_IRQHandler
                0x0000023a                PIN_INT2_IRQHandler
                0x00000242                PIN_INT3_IRQHandler
                0x0000024a                PIN_INT4_IRQHandler
                0x00000252                PIN_INT5_DAC1_IRQHandler
                0x0000025a                PIN_INT6_USART3_IRQHandler
                0x00000262                PIN_INT7_USART4_IRQHandler
                0x000002fc                        . = 0x2fc
 *fill*         0x0000026a       0x92 ff
                0x000002fc                        PROVIDE (__CRP_WORD_START__ = .)
 *(SORT_BY_ALIGNMENT(.crp))
 .crp           0x000002fc        0x4 ./startup/startup_lpc845.o
                0x000002fc                CRP_WORD
                0x00000300                        PROVIDE (__CRP_WORD_END__ = .)
                0x00000001                        ASSERT (! ((__CRP_WORD_START__ == __CRP_WORD_END__)), Linker CRP Enabled, but no CRP_WORD provided within application)
 *(SORT_BY_ALIGNMENT(.text*))
 .text.vPortStartFirstTask
                0x00000300       0x38 C:\Users\diazs\Desktop\Programacion escuela\Redes y Protocolos\Sistemas embebidos\curso-lse\lpc845\ejemplos\freertos\Debug\libfreertos.a(port.o)
 *fill*         0x00000338        0x8 ff
 .text.PendSV_Handler
                0x00000340       0x48 C:\Users\diazs\Desktop\Programacion escuela\Redes y Protocolos\Sistemas embebidos\curso-lse\lpc845\ejemplos\freertos\Debug\libfreertos.a(port.o)
                0x00000340                PendSV_Handler
 .text.__assertion_failed
                0x00000388       0x34 ./utilities/fsl_assert.o
                0x00000388                __assertion_failed
 .text.CLOCK_EnableClock
                0x000003bc       0x54 ./source/Tp_Integrador.o
 .text.CLOCK_DisableClock
                0x00000410       0x58 ./source/Tp_Integrador.o
 .text.SCTIMER_StartTimer
                0x00000468       0xe4 ./source/Tp_Integrador.o
 .text.task_init
                0x0000054c       0xbc ./source/Tp_Integrador.o
                0x0000054c                task_init
 .text.task_BH1750
                0x00000608       0xd0 ./source/Tp_Integrador.o
                0x00000608                task_BH1750
 .text.task_setpoint
                0x000006d8       0x8c ./source/Tp_Integrador.o
                0x000006d8                task_setpoint
 .text.task_btn
                0x00000764       0x64 ./source/Tp_Integrador.o
                0x00000764                task_btn
 .text.task_display_write
                0x000007c8       0xa8 ./source/Tp_Integrador.o
                0x000007c8                task_display_write
 .text.task_adc
                0x00000870       0x20 ./source/Tp_Integrador.o
                0x00000870                task_adc
 .text.ADC0_SEQA_IRQHandler
                0x00000890       0x70 ./source/Tp_Integrador.o
                0x00000890                ADC0_SEQA_IRQHandler
 .text.task_blueled
                0x00000900       0x78 ./source/Tp_Integrador.o
                0x00000900                task_blueled
 .text.task_consola
                0x00000978       0x80 ./source/Tp_Integrador.o
                0x00000978                task_consola
 .text.main     0x000009f8      0x140 ./source/Tp_Integrador.o
                0x000009f8                main
 .text.HardFault_Handler
                0x00000b38       0x38 ./source/semihost_hardfault.o
                0x00000b38                HardFault_Handler
 .text.__NVIC_EnableIRQ
                0x00000b70       0x34 ./source/wrappers.o
 .text.CLOCK_EnableClock
                0x00000ba4       0x54 ./source/wrappers.o
 .text.CLOCK_DisableClock
                0x00000bf8       0x58 ./source/wrappers.o
 .text.CLOCK_Select
                0x00000c50       0x38 ./source/wrappers.o
 .text.CLOCK_SetClkDivider
                0x00000c88       0x30 ./source/wrappers.o
 .text.CLOCK_GetClkDivider
                0x00000cb8       0x2c ./source/wrappers.o
 .text.POWER_DisablePD
                0x00000ce4       0x2c ./source/wrappers.o
 .text.wrapper_adc_init
                0x00000d10       0xdc ./source/wrappers.o
                0x00000d10                wrapper_adc_init
 .text.wrapper_btn_init
                0x00000dec       0x60 ./source/wrappers.o
                0x00000dec                wrapper_btn_init
 .text.wrapper_display_init
                0x00000e4c       0x80 ./source/wrappers.o
                0x00000e4c                wrapper_display_init
 .text.wrapper_display_write
                0x00000ecc       0x94 ./source/wrappers.o
                0x00000ecc                wrapper_display_write
 .text.wrapper_i2c_init
                0x00000f60       0x6c ./source/wrappers.o
                0x00000f60                wrapper_i2c_init
 .text.wrapper_bh1750_init
                0x00000fcc       0x60 ./source/wrappers.o
                0x00000fcc                wrapper_bh1750_init
 .text.CLOCK_EnableClock
                0x0000102c       0x54 ./drivers/fsl_adc.o
 .text.ADC_GetInstance
                0x00001080       0x48 ./drivers/fsl_adc.o
 .text.ADC_Init
                0x000010c8       0xa8 ./drivers/fsl_adc.o
                0x000010c8                ADC_Init
 .text.ADC_DoSelfCalibration
                0x00001170       0xb4 ./drivers/fsl_adc.o
                0x00001170                ADC_DoSelfCalibration
 .text.ADC_SetConvSeqAConfig
                0x00001224       0x94 ./drivers/fsl_adc.o
                0x00001224                ADC_SetConvSeqAConfig
 .text.ADC_GetChannelConversionResult
                0x000012b8       0xa4 ./drivers/fsl_adc.o
                0x000012b8                ADC_GetChannelConversionResult
 .text.CLOCK_GetCoreSysClkFreq
                0x0000135c       0x24 ./drivers/fsl_clock.o
 .text.CLOCK_GetSystemPLLFreq
                0x00001380       0x20 ./drivers/fsl_clock.o
 .text.CLOCK_GetWdtOscFreq
                0x000013a0       0x14 ./drivers/fsl_clock.o
 .text.CLOCK_GetExtClkFreq
                0x000013b4       0x14 ./drivers/fsl_clock.o
 .text.CLOCK_UpdateClkSrc
                0x000013c8       0x4c ./drivers/fsl_clock.o
 .text.CLOCK_GetFRG0ClkFreq
                0x00001414       0x64 ./drivers/fsl_clock.o
                0x00001414                CLOCK_GetFRG0ClkFreq
 .text.CLOCK_GetFRG1ClkFreq
                0x00001478       0x64 ./drivers/fsl_clock.o
                0x00001478                CLOCK_GetFRG1ClkFreq
 .text.CLOCK_GetMainClkFreq
                0x000014dc       0x78 ./drivers/fsl_clock.o
                0x000014dc                CLOCK_GetMainClkFreq
 .text.CLOCK_GetFroFreq
                0x00001554       0x78 ./drivers/fsl_clock.o
                0x00001554                CLOCK_GetFroFreq
 .text.CLOCK_GetFreq
                0x000015cc       0x90 ./drivers/fsl_clock.o
                0x000015cc                CLOCK_GetFreq
 .text.CLOCK_GetSystemPLLInClockRate
                0x0000165c       0x64 ./drivers/fsl_clock.o
                0x0000165c                CLOCK_GetSystemPLLInClockRate
 .text.CLOCK_SetMainClkSrc
                0x000016c0       0x9c ./drivers/fsl_clock.o
                0x000016c0                CLOCK_SetMainClkSrc
 .text.CLOCK_SetFroOutClkSrc
                0x0000175c       0x48 ./drivers/fsl_clock.o
                0x0000175c                CLOCK_SetFroOutClkSrc
 .text.SDK_DelayAtLeastUs
                0x000017a4       0x78 ./drivers/fsl_common_arm.o
                0x000017a4                SDK_DelayAtLeastUs
 .text.CTIMER_GenericIRQHandler
                0x0000181c       0xb0 ./drivers/fsl_ctimer.o
 .text.CLOCK_EnableClock
                0x000018cc       0x54 ./drivers/fsl_gpio.o
 .text.GPIO_EnablePortClock
                0x00001920       0x38 ./drivers/fsl_gpio.o
 .text.GPIO_PortInit
                0x00001958       0x30 ./drivers/fsl_gpio.o
                0x00001958                GPIO_PortInit
 .text.CLOCK_EnableClock
                0x00001988       0x54 ./drivers/fsl_i2c.o
 .text.I2C_GetInstance
                0x000019dc       0x4c ./drivers/fsl_i2c.o
                0x000019dc                I2C_GetInstance
 .text.I2C_MasterGetDefaultConfig
                0x00001a28       0x34 ./drivers/fsl_i2c.o
                0x00001a28                I2C_MasterGetDefaultConfig
 .text.I2C_MasterInit
                0x00001a5c       0x64 ./drivers/fsl_i2c.o
                0x00001a5c                I2C_MasterInit
 .text.I2C_MasterStart
                0x00001ac0       0x54 ./drivers/fsl_i2c.o
                0x00001ac0                I2C_MasterStart
 .text.I2C_MasterStop
                0x00001b14       0x30 ./drivers/fsl_i2c.o
                0x00001b14                I2C_MasterStop
 .text.I2C_MasterWriteBlocking
                0x00001b44      0x114 ./drivers/fsl_i2c.o
                0x00001b44                I2C_MasterWriteBlocking
 .text.I2C_MasterReadBlocking
                0x00001c58       0xf4 ./drivers/fsl_i2c.o
                0x00001c58                I2C_MasterReadBlocking
 .text.I2C_TransferCommonIRQHandler
                0x00001d4c       0x40 ./drivers/fsl_i2c.o
 .text.I2C0_DriverIRQHandler
                0x00001d8c       0x20 ./drivers/fsl_i2c.o
                0x00001d8c                I2C0_DriverIRQHandler
 .text.I2C1_DriverIRQHandler
                0x00001dac       0x20 ./drivers/fsl_i2c.o
                0x00001dac                I2C1_DriverIRQHandler
 .text.I2C2_DriverIRQHandler
                0x00001dcc       0x20 ./drivers/fsl_i2c.o
                0x00001dcc                I2C2_DriverIRQHandler
 .text.RESET_SetPeripheralReset
                0x00001dec       0x70 ./drivers/fsl_reset.o
                0x00001dec                RESET_SetPeripheralReset
 .text.RESET_ClearPeripheralReset
                0x00001e5c       0x6c ./drivers/fsl_reset.o
                0x00001e5c                RESET_ClearPeripheralReset
 .text.CLOCK_EnableClock
                0x00001ec8       0x54 ./drivers/fsl_sctimer.o
 .text.SCTIMER_StartTimer
                0x00001f1c       0xe4 ./drivers/fsl_sctimer.o
 .text.SCTIMER_StopTimer
                0x00002000       0xe0 ./drivers/fsl_sctimer.o
 .text.SCTIMER_SetupOutputSetAction
                0x000020e0       0x48 ./drivers/fsl_sctimer.o
 .text.SCTIMER_SetupOutputClearAction
                0x00002128       0x4c ./drivers/fsl_sctimer.o
 .text.SCTIMER_SetupCounterLimitAction
                0x00002174       0xc4 ./drivers/fsl_sctimer.o
 .text.SCTIMER_GetInstance
                0x00002238       0x50 ./drivers/fsl_sctimer.o
 .text.SCTIMER_Init
                0x00002288      0x148 ./drivers/fsl_sctimer.o
                0x00002288                SCTIMER_Init
 .text.SCTIMER_GetDefaultConfig
                0x000023d0       0x64 ./drivers/fsl_sctimer.o
                0x000023d0                SCTIMER_GetDefaultConfig
 .text.SCTIMER_SetupPwm
                0x00002434      0x2dc ./drivers/fsl_sctimer.o
                0x00002434                SCTIMER_SetupPwm
 .text.SCTIMER_UpdatePwmDutycycle
                0x00002710      0x19c ./drivers/fsl_sctimer.o
                0x00002710                SCTIMER_UpdatePwmDutycycle
 .text.SCTIMER_CreateAndScheduleEvent
                0x000028ac      0x248 ./drivers/fsl_sctimer.o
                0x000028ac                SCTIMER_CreateAndScheduleEvent
 .text.SCTIMER_EventHandleIRQ
                0x00002af4       0x74 ./drivers/fsl_sctimer.o
                0x00002af4                SCTIMER_EventHandleIRQ
 .text.SCT0_DriverIRQHandler
                0x00002b68       0x1c ./drivers/fsl_sctimer.o
                0x00002b68                SCT0_DriverIRQHandler
 .text.SPI_CommonIRQHandler
                0x00002b84       0x40 ./drivers/fsl_spi.o
 .text.SPI0_DriverIRQHandler
                0x00002bc4       0x34 ./drivers/fsl_spi.o
                0x00002bc4                SPI0_DriverIRQHandler
 .text.SPI1_DriverIRQHandler
                0x00002bf8       0x34 ./drivers/fsl_spi.o
                0x00002bf8                SPI1_DriverIRQHandler
 .text.SWM_SetMovablePinSelect
                0x00002c2c       0x98 ./drivers/fsl_swm.o
                0x00002c2c                SWM_SetMovablePinSelect
 .text.SWM_SetFixedPinSelect
                0x00002cc4       0xa0 ./drivers/fsl_swm.o
                0x00002cc4                SWM_SetFixedPinSelect
 .text.USART0_DriverIRQHandler
                0x00002d64       0x24 ./drivers/fsl_usart.o
                0x00002d64                USART0_DriverIRQHandler
 .text.USART1_DriverIRQHandler
                0x00002d88       0x24 ./drivers/fsl_usart.o
                0x00002d88                USART1_DriverIRQHandler
 .text.USART2_DriverIRQHandler
                0x00002dac       0x24 ./drivers/fsl_usart.o
                0x00002dac                USART2_DriverIRQHandler
 .text.PIN_INT6_USART3_DriverIRQHandler
                0x00002dd0       0x24 ./drivers/fsl_usart.o
                0x00002dd0                PIN_INT6_USART3_DriverIRQHandler
 .text.PIN_INT7_USART4_DriverIRQHandler
                0x00002df4       0x24 ./drivers/fsl_usart.o
                0x00002df4                PIN_INT7_USART4_DriverIRQHandler
 .text.SystemInit
                0x00002e18       0x2c ./device/system_LPC845.o
                0x00002e18                SystemInit
 .text.CLOCK_Select
                0x00002e44       0x38 ./board/clock_config.o
 .text.CLOCK_SetCoreSysClkDiv
                0x00002e7c       0x3c ./board/clock_config.o
 .text.CLOCK_SetFroOscFreq
                0x00002eb8       0x24 ./board/clock_config.o
 .text.POWER_DisablePD
                0x00002edc       0x2c ./board/clock_config.o
 .text.BOARD_BootClockFRO18M
                0x00002f08       0x58 ./board/clock_config.o
                0x00002f08                BOARD_BootClockFRO18M
 .text.BOARD_BootClockFRO30M
                0x00002f60       0x58 ./board/clock_config.o
                0x00002f60                BOARD_BootClockFRO30M
 .text.prvInitialiseNewTask
                0x00002fb8      0x104 C:\Users\diazs\Desktop\Programacion escuela\Redes y Protocolos\Sistemas embebidos\curso-lse\lpc845\ejemplos\freertos\Debug\libfreertos.a(tasks.o)
 .text.prvAddNewTaskToReadyList
                0x000030bc      0x11c C:\Users\diazs\Desktop\Programacion escuela\Redes y Protocolos\Sistemas embebidos\curso-lse\lpc845\ejemplos\freertos\Debug\libfreertos.a(tasks.o)
 .text.vTaskDelete
                0x000031d8       0xd4 C:\Users\diazs\Desktop\Programacion escuela\Redes y Protocolos\Sistemas embebidos\curso-lse\lpc845\ejemplos\freertos\Debug\libfreertos.a(tasks.o)
                0x000031d8                vTaskDelete
 .text.vTaskDelay
                0x000032ac       0x4c C:\Users\diazs\Desktop\Programacion escuela\Redes y Protocolos\Sistemas embebidos\curso-lse\lpc845\ejemplos\freertos\Debug\libfreertos.a(tasks.o)
                0x000032ac                vTaskDelay
 .text.vTaskStartScheduler
                0x000032f8       0x74 C:\Users\diazs\Desktop\Programacion escuela\Redes y Protocolos\Sistemas embebidos\curso-lse\lpc845\ejemplos\freertos\Debug\libfreertos.a(tasks.o)
                0x000032f8                vTaskStartScheduler
 .text.vTaskSuspendAll
                0x0000336c       0x18 C:\Users\diazs\Desktop\Programacion escuela\Redes y Protocolos\Sistemas embebidos\curso-lse\lpc845\ejemplos\freertos\Debug\libfreertos.a(tasks.o)
                0x0000336c                vTaskSuspendAll
 .text.prvGetExpectedIdleTime
                0x00003384       0x6c C:\Users\diazs\Desktop\Programacion escuela\Redes y Protocolos\Sistemas embebidos\curso-lse\lpc845\ejemplos\freertos\Debug\libfreertos.a(tasks.o)
 .text.xTaskResumeAll
                0x000033f0      0x1d4 C:\Users\diazs\Desktop\Programacion escuela\Redes y Protocolos\Sistemas embebidos\curso-lse\lpc845\ejemplos\freertos\Debug\libfreertos.a(tasks.o)
                0x000033f0                xTaskResumeAll
 .text.xTaskGetTickCount
                0x000035c4       0x1c C:\Users\diazs\Desktop\Programacion escuela\Redes y Protocolos\Sistemas embebidos\curso-lse\lpc845\ejemplos\freertos\Debug\libfreertos.a(tasks.o)
                0x000035c4                xTaskGetTickCount
 .text.uxTaskGetNumberOfTasks
                0x000035e0       0x14 C:\Users\diazs\Desktop\Programacion escuela\Redes y Protocolos\Sistemas embebidos\curso-lse\lpc845\ejemplos\freertos\Debug\libfreertos.a(tasks.o)
                0x000035e0                uxTaskGetNumberOfTasks
 .text.vTaskStepTick
                0x000035f4       0x84 C:\Users\diazs\Desktop\Programacion escuela\Redes y Protocolos\Sistemas embebidos\curso-lse\lpc845\ejemplos\freertos\Debug\libfreertos.a(tasks.o)
                0x000035f4                vTaskStepTick
 .text.xTaskIncrementTick
                0x00003678      0x218 C:\Users\diazs\Desktop\Programacion escuela\Redes y Protocolos\Sistemas embebidos\curso-lse\lpc845\ejemplos\freertos\Debug\libfreertos.a(tasks.o)
                0x00003678                xTaskIncrementTick
 .text.vTaskSwitchContext
                0x00003890       0xa4 C:\Users\diazs\Desktop\Programacion escuela\Redes y Protocolos\Sistemas embebidos\curso-lse\lpc845\ejemplos\freertos\Debug\libfreertos.a(tasks.o)
                0x00003890                vTaskSwitchContext
 .text.vTaskPlaceOnEventList
                0x00003934       0x40 C:\Users\diazs\Desktop\Programacion escuela\Redes y Protocolos\Sistemas embebidos\curso-lse\lpc845\ejemplos\freertos\Debug\libfreertos.a(tasks.o)
                0x00003934                vTaskPlaceOnEventList
 .text.xTaskRemoveFromEventList
                0x00003974      0x19c C:\Users\diazs\Desktop\Programacion escuela\Redes y Protocolos\Sistemas embebidos\curso-lse\lpc845\ejemplos\freertos\Debug\libfreertos.a(tasks.o)
                0x00003974                xTaskRemoveFromEventList
 .text.vTaskInternalSetTimeOutState
                0x00003b10       0x28 C:\Users\diazs\Desktop\Programacion escuela\Redes y Protocolos\Sistemas embebidos\curso-lse\lpc845\ejemplos\freertos\Debug\libfreertos.a(tasks.o)
                0x00003b10                vTaskInternalSetTimeOutState
 .text.xTaskCheckForTimeOut
                0x00003b38       0xac C:\Users\diazs\Desktop\Programacion escuela\Redes y Protocolos\Sistemas embebidos\curso-lse\lpc845\ejemplos\freertos\Debug\libfreertos.a(tasks.o)
                0x00003b38                xTaskCheckForTimeOut
 .text.vTaskMissedYield
                0x00003be4       0x14 C:\Users\diazs\Desktop\Programacion escuela\Redes y Protocolos\Sistemas embebidos\curso-lse\lpc845\ejemplos\freertos\Debug\libfreertos.a(tasks.o)
                0x00003be4                vTaskMissedYield
 .text.prvIdleTask
                0x00003bf8       0x64 C:\Users\diazs\Desktop\Programacion escuela\Redes y Protocolos\Sistemas embebidos\curso-lse\lpc845\ejemplos\freertos\Debug\libfreertos.a(tasks.o)
 .text.eTaskConfirmSleepModeStatus
                0x00003c5c       0x78 C:\Users\diazs\Desktop\Programacion escuela\Redes y Protocolos\Sistemas embebidos\curso-lse\lpc845\ejemplos\freertos\Debug\libfreertos.a(tasks.o)
                0x00003c5c                eTaskConfirmSleepModeStatus
 .text.prvInitialiseTaskLists
                0x00003cd4       0x88 C:\Users\diazs\Desktop\Programacion escuela\Redes y Protocolos\Sistemas embebidos\curso-lse\lpc845\ejemplos\freertos\Debug\libfreertos.a(tasks.o)
 .text.prvCheckTasksWaitingTermination
                0x00003d5c       0x5c C:\Users\diazs\Desktop\Programacion escuela\Redes y Protocolos\Sistemas embebidos\curso-lse\lpc845\ejemplos\freertos\Debug\libfreertos.a(tasks.o)
 .text.prvResetNextTaskUnblockTime
                0x00003db8       0x34 C:\Users\diazs\Desktop\Programacion escuela\Redes y Protocolos\Sistemas embebidos\curso-lse\lpc845\ejemplos\freertos\Debug\libfreertos.a(tasks.o)
 .text.xTaskPriorityDisinherit
                0x00003dec      0x108 C:\Users\diazs\Desktop\Programacion escuela\Redes y Protocolos\Sistemas embebidos\curso-lse\lpc845\ejemplos\freertos\Debug\libfreertos.a(tasks.o)
                0x00003dec                xTaskPriorityDisinherit
 .text.prvAddCurrentTaskToDelayedList
                0x00003ef4       0xdc C:\Users\diazs\Desktop\Programacion escuela\Redes y Protocolos\Sistemas embebidos\curso-lse\lpc845\ejemplos\freertos\Debug\libfreertos.a(tasks.o)
 .text.pvPortMalloc
                0x00003fd0      0x140 C:\Users\diazs\Desktop\Programacion escuela\Redes y Protocolos\Sistemas embebidos\curso-lse\lpc845\ejemplos\freertos\Debug\libfreertos.a(heap_2.o)
                0x00003fd0                pvPortMalloc
 .text.vPortFree
                0x00004110       0xac C:\Users\diazs\Desktop\Programacion escuela\Redes y Protocolos\Sistemas embebidos\curso-lse\lpc845\ejemplos\freertos\Debug\libfreertos.a(heap_2.o)
                0x00004110                vPortFree
 .text.prvHeapInit
                0x000041bc       0x50 C:\Users\diazs\Desktop\Programacion escuela\Redes y Protocolos\Sistemas embebidos\curso-lse\lpc845\ejemplos\freertos\Debug\libfreertos.a(heap_2.o)
 .text.pxPortInitialiseStack
                0x0000420c       0x54 C:\Users\diazs\Desktop\Programacion escuela\Redes y Protocolos\Sistemas embebidos\curso-lse\lpc845\ejemplos\freertos\Debug\libfreertos.a(port.o)
                0x0000420c                pxPortInitialiseStack
 .text.prvTaskExitError
                0x00004260       0x30 C:\Users\diazs\Desktop\Programacion escuela\Redes y Protocolos\Sistemas embebidos\curso-lse\lpc845\ejemplos\freertos\Debug\libfreertos.a(port.o)
 .text.xPortStartScheduler
                0x00004290       0x48 C:\Users\diazs\Desktop\Programacion escuela\Redes y Protocolos\Sistemas embebidos\curso-lse\lpc845\ejemplos\freertos\Debug\libfreertos.a(port.o)
                0x00004290                xPortStartScheduler
 .text.vPortYield
                0x000042d8       0x20 C:\Users\diazs\Desktop\Programacion escuela\Redes y Protocolos\Sistemas embebidos\curso-lse\lpc845\ejemplos\freertos\Debug\libfreertos.a(port.o)
                0x000042d8                vPortYield
 .text.vPortEnterCritical
                0x000042f8       0x24 C:\Users\diazs\Desktop\Programacion escuela\Redes y Protocolos\Sistemas embebidos\curso-lse\lpc845\ejemplos\freertos\Debug\libfreertos.a(port.o)
                0x000042f8                vPortEnterCritical
 .text.vPortExitCritical
                0x0000431c       0x30 C:\Users\diazs\Desktop\Programacion escuela\Redes y Protocolos\Sistemas embebidos\curso-lse\lpc845\ejemplos\freertos\Debug\libfreertos.a(port.o)
                0x0000431c                vPortExitCritical
 .text.SysTick_Handler
                0x0000434c       0x34 C:\Users\diazs\Desktop\Programacion escuela\Redes y Protocolos\Sistemas embebidos\curso-lse\lpc845\ejemplos\freertos\Debug\libfreertos.a(port.o)
                0x0000434c                SysTick_Handler
 .text.vPortSetupTimerInterrupt
                0x00004380       0x84 C:\Users\diazs\Desktop\Programacion escuela\Redes y Protocolos\Sistemas embebidos\curso-lse\lpc845\ejemplos\freertos\Debug\libfreertos.a(port.o)
                0x00004380                vPortSetupTimerInterrupt
 .text.vPortSuppressTicksAndSleep
                0x00004404      0x194 C:\Users\diazs\Desktop\Programacion escuela\Redes y Protocolos\Sistemas embebidos\curso-lse\lpc845\ejemplos\freertos\Debug\libfreertos.a(port.o)
                0x00004404                vPortSuppressTicksAndSleep
 .text.malloc   0x00004598       0xd4 C:/nxp/MCUXpressoIDE_11.10.0_3148/ide/plugins/com.nxp.mcuxpresso.tools.win32_11.10.0.202311280810/tools/bin/../lib/gcc/arm-none-eabi/13.2.1/../../../../arm-none-eabi/lib/thumb/v6-m/nofp\libcr_c.a(alloc.o)
                0x00004598                malloc
 .text._Csys_alloc
                0x0000466c       0x20 C:/nxp/MCUXpressoIDE_11.10.0_3148/ide/plugins/com.nxp.mcuxpresso.tools.win32_11.10.0.202311280810/tools/bin/../lib/gcc/arm-none-eabi/13.2.1/../../../../arm-none-eabi/lib/thumb/v6-m/nofp\libcr_c.a(alloc.o)
                0x0000466c                _Csys_alloc
 .text._initio  0x0000468c       0x7c C:/nxp/MCUXpressoIDE_11.10.0_3148/ide/plugins/com.nxp.mcuxpresso.tools.win32_11.10.0.202311280810/tools/bin/../lib/gcc/arm-none-eabi/13.2.1/../../../../arm-none-eabi/lib/thumb/v6-m/nofp\libcr_c.a(initio.o)
                0x0000468c                _initio
 .text.__vfprintf
                0x00004708      0xd3c C:/nxp/MCUXpressoIDE_11.10.0_3148/ide/plugins/com.nxp.mcuxpresso.tools.win32_11.10.0.202311280810/tools/bin/../lib/gcc/arm-none-eabi/13.2.1/../../../../arm-none-eabi/lib/thumb/v6-m/nofp\libcr_c.a(printf.o)
                0x00004708                __vfprintf
 .text._vsnprintf
                0x00005444       0x70 C:/nxp/MCUXpressoIDE_11.10.0_3148/ide/plugins/com.nxp.mcuxpresso.tools.win32_11.10.0.202311280810/tools/bin/../lib/gcc/arm-none-eabi/13.2.1/../../../../arm-none-eabi/lib/thumb/v6-m/nofp\libcr_c.a(printf.o)
                0x00005444                _vsnprintf
 .text._printf  0x000054b4       0x50 C:/nxp/MCUXpressoIDE_11.10.0_3148/ide/plugins/com.nxp.mcuxpresso.tools.win32_11.10.0.202311280810/tools/bin/../lib/gcc/arm-none-eabi/13.2.1/../../../../arm-none-eabi/lib/thumb/v6-m/nofp\libcr_c.a(printf.o)
                0x000054b4                _printf
 .text.setvbuf  0x00005504       0x4c C:/nxp/MCUXpressoIDE_11.10.0_3148/ide/plugins/com.nxp.mcuxpresso.tools.win32_11.10.0.202311280810/tools/bin/../lib/gcc/arm-none-eabi/13.2.1/../../../../arm-none-eabi/lib/thumb/v6-m/nofp\libcr_c.a(setvbuf.o)
                0x00005504                setvbuf
 .text.strlen   0x00005550       0x5c C:/nxp/MCUXpressoIDE_11.10.0_3148/ide/plugins/com.nxp.mcuxpresso.tools.win32_11.10.0.202311280810/tools/bin/../lib/gcc/arm-none-eabi/13.2.1/../../../../arm-none-eabi/lib/thumb/v6-m/nofp\libcr_c.a(strlen.o)
                0x00005550                strlen
 .text._sbrk    0x000055ac       0x44 C:/nxp/MCUXpressoIDE_11.10.0_3148/ide/plugins/com.nxp.mcuxpresso.tools.win32_11.10.0.202311280810/tools/bin/../lib/gcc/arm-none-eabi/13.2.1/../../../../arm-none-eabi/lib/thumb/v6-m/nofp\libcr_c.a(_cr_sbrk.o)
                0x000055ac                _sbrk
 .text._deferredlazyseek
                0x000055f0       0x40 C:/nxp/MCUXpressoIDE_11.10.0_3148/ide/plugins/com.nxp.mcuxpresso.tools.win32_11.10.0.202311280810/tools/bin/../lib/gcc/arm-none-eabi/13.2.1/../../../../arm-none-eabi/lib/thumb/v6-m/nofp\libcr_c.a(_deferredlazyseek.o)
                0x000055f0                _deferredlazyseek
 .text.__flsbuf
                0x00005630      0x12c C:/nxp/MCUXpressoIDE_11.10.0_3148/ide/plugins/com.nxp.mcuxpresso.tools.win32_11.10.0.202311280810/tools/bin/../lib/gcc/arm-none-eabi/13.2.1/../../../../arm-none-eabi/lib/thumb/v6-m/nofp\libcr_c.a(_deferredlazyseek.o)
                0x00005630                __flsbuf
 .text._fdopen  0x0000575c       0x74 C:/nxp/MCUXpressoIDE_11.10.0_3148/ide/plugins/com.nxp.mcuxpresso.tools.win32_11.10.0.202311280810/tools/bin/../lib/gcc/arm-none-eabi/13.2.1/../../../../arm-none-eabi/lib/thumb/v6-m/nofp\libcr_c.a(_fdopen.o)
                0x0000575c                _fdopen
 .text._fflush  0x000057d0       0x5c C:/nxp/MCUXpressoIDE_11.10.0_3148/ide/plugins/com.nxp.mcuxpresso.tools.win32_11.10.0.202311280810/tools/bin/../lib/gcc/arm-none-eabi/13.2.1/../../../../arm-none-eabi/lib/thumb/v6-m/nofp\libcr_c.a(_fflush.o)
                0x000057d0                _fflush
 .text._Cwritebuf
                0x0000582c       0x68 C:/nxp/MCUXpressoIDE_11.10.0_3148/ide/plugins/com.nxp.mcuxpresso.tools.win32_11.10.0.202311280810/tools/bin/../lib/gcc/arm-none-eabi/13.2.1/../../../../arm-none-eabi/lib/thumb/v6-m/nofp\libcr_c.a(_writebuf.o)
                0x0000582c                _Cwritebuf
 .text.fclose   0x00005894       0x5c C:/nxp/MCUXpressoIDE_11.10.0_3148/ide/plugins/com.nxp.mcuxpresso.tools.win32_11.10.0.202311280810/tools/bin/../lib/gcc/arm-none-eabi/13.2.1/../../../../arm-none-eabi/lib/thumb/v6-m/nofp\libcr_c.a(fclose.o)
                0x00005894                fclose
 .text.fflush   0x000058f0       0x40 C:/nxp/MCUXpressoIDE_11.10.0_3148/ide/plugins/com.nxp.mcuxpresso.tools.win32_11.10.0.202311280810/tools/bin/../lib/gcc/arm-none-eabi/13.2.1/../../../../arm-none-eabi/lib/thumb/v6-m/nofp\libcr_c.a(fflush.o)
                0x000058f0                fflush
 .text.fseek    0x00005930       0xec C:/nxp/MCUXpressoIDE_11.10.0_3148/ide/plugins/com.nxp.mcuxpresso.tools.win32_11.10.0.202311280810/tools/bin/../lib/gcc/arm-none-eabi/13.2.1/../../../../arm-none-eabi/lib/thumb/v6-m/nofp\libcr_c.a(fseek.o)
                0x00005930                fseek
 .text.ftell    0x00005a1c       0x4c C:/nxp/MCUXpressoIDE_11.10.0_3148/ide/plugins/com.nxp.mcuxpresso.tools.win32_11.10.0.202311280810/tools/bin/../lib/gcc/arm-none-eabi/13.2.1/../../../../arm-none-eabi/lib/thumb/v6-m/nofp\libcr_c.a(ftell.o)
                0x00005a1c                ftell
 .text.__check_heap_overflow
                0x00005a68       0x18 C:/nxp/MCUXpressoIDE_11.10.0_3148/ide/plugins/com.nxp.mcuxpresso.tools.win32_11.10.0.202311280810/tools/bin/../lib/gcc/arm-none-eabi/13.2.1/../../../../arm-none-eabi/lib/thumb/v6-m/nofp\libcr_c.a(_cr_check_heap.o)
                0x00005a68                __check_heap_overflow
 .text._do_fflush
                0x00005a80       0x48 C:/nxp/MCUXpressoIDE_11.10.0_3148/ide/plugins/com.nxp.mcuxpresso.tools.win32_11.10.0.202311280810/tools/bin/../lib/gcc/arm-none-eabi/13.2.1/../../../../arm-none-eabi/lib/thumb/v6-m/nofp\libcr_c.a(_do_fflush.o)
                0x00005a80                _do_fflush
 .text.__aeabi_dmul
                0x00005ac8      0x190 C:/nxp/MCUXpressoIDE_11.10.0_3148/ide/plugins/com.nxp.mcuxpresso.tools.win32_11.10.0.202311280810/tools/bin/../lib/gcc/arm-none-eabi/13.2.1/thumb/v6-m/nofp\libcr_eabihelpers.a(double.o)
                0x00005ac8                __aeabi_dmul
 .text.__aeabi_ddiv
                0x00005c58      0x174 C:/nxp/MCUXpressoIDE_11.10.0_3148/ide/plugins/com.nxp.mcuxpresso.tools.win32_11.10.0.202311280810/tools/bin/../lib/gcc/arm-none-eabi/13.2.1/thumb/v6-m/nofp\libcr_eabihelpers.a(double.o)
                0x00005c58                __aeabi_ddiv
 .text.__aeabi_d2f
                0x00005dcc       0x64 C:/nxp/MCUXpressoIDE_11.10.0_3148/ide/plugins/com.nxp.mcuxpresso.tools.win32_11.10.0.202311280810/tools/bin/../lib/gcc/arm-none-eabi/13.2.1/thumb/v6-m/nofp\libcr_eabihelpers.a(double.o)
                0x00005dcc                __aeabi_d2f
 .text.__aeabi_d2uiz
                0x00005e30       0x38 C:/nxp/MCUXpressoIDE_11.10.0_3148/ide/plugins/com.nxp.mcuxpresso.tools.win32_11.10.0.202311280810/tools/bin/../lib/gcc/arm-none-eabi/13.2.1/thumb/v6-m/nofp\libcr_eabihelpers.a(double.o)
                0x00005e30                __aeabi_d2uiz
 .text.__aeabi_f2d
                0x00005e68       0x40 C:/nxp/MCUXpressoIDE_11.10.0_3148/ide/plugins/com.nxp.mcuxpresso.tools.win32_11.10.0.202311280810/tools/bin/../lib/gcc/arm-none-eabi/13.2.1/thumb/v6-m/nofp\libcr_eabihelpers.a(float.o)
                0x00005e68                __aeabi_f2d
 .text.__sys_appexit
                0x00005ea8        0xc C:/nxp/MCUXpressoIDE_11.10.0_3148/ide/plugins/com.nxp.mcuxpresso.tools.win32_11.10.0.202311280810/tools/bin/../lib/gcc/arm-none-eabi/13.2.1/../../../../arm-none-eabi/lib/thumb/v6-m/nofp\libcr_semihost_nf.a(__sys_appexit.o)
                0x00005ea8                __sys_appexit
                0x00005ea8                __exit
 .text.fsl_assert_hook
                0x00005eb4       0x16 ./utilities/fsl_assert.o
                0x00005eb4                fsl_assert_hook
 .text.GPIO_PinWrite
                0x00005eca       0x2c ./source/Tp_Integrador.o
 .text.GPIO_PinRead
                0x00005ef6       0x24 ./source/Tp_Integrador.o
 .text.ADC_DoSoftwareTriggerConvSeqA
                0x00005f1a       0x1e ./source/Tp_Integrador.o
 .text.ADC_GetStatusFlags
                0x00005f38       0x14 ./source/Tp_Integrador.o
 .text.ADC_ClearStatusFlags
                0x00005f4c       0x18 ./source/Tp_Integrador.o
 .text.wrapper_gpio_init
                0x00005f64       0x24 ./source/Tp_Integrador.o
 .text.wrapper_display_off
                0x00005f88       0x26 ./source/Tp_Integrador.o
 .text.wrapper_display_on
                0x00005fae       0x24 ./source/Tp_Integrador.o
 .text.GPIO_PinWrite
                0x00005fd2       0x2c ./source/wrappers.o
 .text.ADC_EnableConvSeqA
                0x00005ffe       0x3a ./source/wrappers.o
 .text.ADC_EnableInterrupts
                0x00006038       0x22 ./source/wrappers.o
 .text.RESET_ReleasePeripheralReset
                0x0000605a       0x18 ./drivers/fsl_adc.o
 .text.ADC_GetDefaultConfig
                0x00006072       0x34 ./drivers/fsl_adc.o
                0x00006072                ADC_GetDefaultConfig
 .text.CLOCK_GetFRGInputClkFreq
                0x000060a6       0x3e ./drivers/fsl_clock.o
 .text.DelayLoop
                0x000060e4       0x1a ./drivers/fsl_common_arm.o
 .text.CTIMER_GetStatusFlags
                0x000060fe       0x14 ./drivers/fsl_ctimer.o
 .text.CTIMER_ClearStatusFlags
                0x00006112       0x18 ./drivers/fsl_ctimer.o
 .text.CTIMER0_DriverIRQHandler
                0x0000612a       0x10 ./drivers/fsl_ctimer.o
                0x0000612a                CTIMER0_DriverIRQHandler
 .text.GPIO_PinInit
                0x0000613a       0xc0 ./drivers/fsl_gpio.o
                0x0000613a                GPIO_PinInit
 .text.I2C_MasterEnable
                0x000061fa       0x3c ./drivers/fsl_i2c.o
 .text.I2C_GetStatusFlags
                0x00006236       0x14 ./drivers/fsl_i2c.o
 .text.I2C_MasterClearStatusFlags
                0x0000624a       0x1c ./drivers/fsl_i2c.o
 .text.I2C_MasterSetBaudRate
                0x00006266       0xcc ./drivers/fsl_i2c.o
                0x00006266                I2C_MasterSetBaudRate
 .text.I2C_PendingStatusWait
                0x00006332       0x30 ./drivers/fsl_i2c.o
 .text.RESET_PeripheralReset
                0x00006362       0x20 ./drivers/fsl_reset.o
                0x00006362                RESET_PeripheralReset
 .text.SPI_IsMaster
                0x00006382       0x1e ./drivers/fsl_spi.o
 .text.SystemInitHook
                0x000063a0        0xa ./device/system_LPC845.o
                0x000063a0                SystemInitHook
 .text.BOARD_InitDebugConsole
                0x000063aa        0xc ./board/board.o
                0x000063aa                BOARD_InitDebugConsole
 .text.BOARD_InitBootClocks
                0x000063b6        0xe ./board/clock_config.o
                0x000063b6                BOARD_InitBootClocks
 .text.xQueueGenericReset
                0x000063c4      0x116 C:\Users\diazs\Desktop\Programacion escuela\Redes y Protocolos\Sistemas embebidos\curso-lse\lpc845\ejemplos\freertos\Debug\libfreertos.a(queue.o)
                0x000063c4                xQueueGenericReset
 .text.xQueueGenericCreate
                0x000064da       0xbe C:\Users\diazs\Desktop\Programacion escuela\Redes y Protocolos\Sistemas embebidos\curso-lse\lpc845\ejemplos\freertos\Debug\libfreertos.a(queue.o)
                0x000064da                xQueueGenericCreate
 .text.prvInitialiseNewQueue
                0x00006598       0x4e C:\Users\diazs\Desktop\Programacion escuela\Redes y Protocolos\Sistemas embebidos\curso-lse\lpc845\ejemplos\freertos\Debug\libfreertos.a(queue.o)
 .text.xQueueGenericSend
                0x000065e6      0x172 C:\Users\diazs\Desktop\Programacion escuela\Redes y Protocolos\Sistemas embebidos\curso-lse\lpc845\ejemplos\freertos\Debug\libfreertos.a(queue.o)
                0x000065e6                xQueueGenericSend
 .text.xQueueGenericSendFromISR
                0x00006758      0x114 C:\Users\diazs\Desktop\Programacion escuela\Redes y Protocolos\Sistemas embebidos\curso-lse\lpc845\ejemplos\freertos\Debug\libfreertos.a(queue.o)
                0x00006758                xQueueGenericSendFromISR
 .text.xQueuePeek
                0x0000686c      0x156 C:\Users\diazs\Desktop\Programacion escuela\Redes y Protocolos\Sistemas embebidos\curso-lse\lpc845\ejemplos\freertos\Debug\libfreertos.a(queue.o)
                0x0000686c                xQueuePeek
 .text.prvCopyDataToQueue
                0x000069c2       0xd6 C:\Users\diazs\Desktop\Programacion escuela\Redes y Protocolos\Sistemas embebidos\curso-lse\lpc845\ejemplos\freertos\Debug\libfreertos.a(queue.o)
 .text.prvCopyDataFromQueue
                0x00006a98       0x4c C:\Users\diazs\Desktop\Programacion escuela\Redes y Protocolos\Sistemas embebidos\curso-lse\lpc845\ejemplos\freertos\Debug\libfreertos.a(queue.o)
 .text.prvUnlockQueue
                0x00006ae4       0xbc C:\Users\diazs\Desktop\Programacion escuela\Redes y Protocolos\Sistemas embebidos\curso-lse\lpc845\ejemplos\freertos\Debug\libfreertos.a(queue.o)
 .text.prvIsQueueEmpty
                0x00006ba0       0x2c C:\Users\diazs\Desktop\Programacion escuela\Redes y Protocolos\Sistemas embebidos\curso-lse\lpc845\ejemplos\freertos\Debug\libfreertos.a(queue.o)
 .text.prvIsQueueFull
                0x00006bcc       0x30 C:\Users\diazs\Desktop\Programacion escuela\Redes y Protocolos\Sistemas embebidos\curso-lse\lpc845\ejemplos\freertos\Debug\libfreertos.a(queue.o)
 .text.xTaskCreate
                0x00006bfc       0x9c C:\Users\diazs\Desktop\Programacion escuela\Redes y Protocolos\Sistemas embebidos\curso-lse\lpc845\ejemplos\freertos\Debug\libfreertos.a(tasks.o)
                0x00006bfc                xTaskCreate
 .text.prvDeleteTCB
                0x00006c98       0x22 C:\Users\diazs\Desktop\Programacion escuela\Redes y Protocolos\Sistemas embebidos\curso-lse\lpc845\ejemplos\freertos\Debug\libfreertos.a(tasks.o)
 .text.vListInitialise
                0x00006cba       0x3c C:\Users\diazs\Desktop\Programacion escuela\Redes y Protocolos\Sistemas embebidos\curso-lse\lpc845\ejemplos\freertos\Debug\libfreertos.a(list.o)
                0x00006cba                vListInitialise
 .text.vListInitialiseItem
                0x00006cf6       0x16 C:\Users\diazs\Desktop\Programacion escuela\Redes y Protocolos\Sistemas embebidos\curso-lse\lpc845\ejemplos\freertos\Debug\libfreertos.a(list.o)
                0x00006cf6                vListInitialiseItem
 .text.vListInsertEnd
                0x00006d0c       0x44 C:\Users\diazs\Desktop\Programacion escuela\Redes y Protocolos\Sistemas embebidos\curso-lse\lpc845\ejemplos\freertos\Debug\libfreertos.a(list.o)
                0x00006d0c                vListInsertEnd
 .text.vListInsert
                0x00006d50       0x6c C:\Users\diazs\Desktop\Programacion escuela\Redes y Protocolos\Sistemas embebidos\curso-lse\lpc845\ejemplos\freertos\Debug\libfreertos.a(list.o)
                0x00006d50                vListInsert
 .text.uxListRemove
                0x00006dbc       0x50 C:\Users\diazs\Desktop\Programacion escuela\Redes y Protocolos\Sistemas embebidos\curso-lse\lpc845\ejemplos\freertos\Debug\libfreertos.a(list.o)
                0x00006dbc                uxListRemove
 .text.SVC_Handler
                0x00006e0c        0xa C:\Users\diazs\Desktop\Programacion escuela\Redes y Protocolos\Sistemas embebidos\curso-lse\lpc845\ejemplos\freertos\Debug\libfreertos.a(port.o)
                0x00006e0c                SVC_Handler
 .text.ulSetInterruptMaskFromISR
                0x00006e16        0xc C:\Users\diazs\Desktop\Programacion escuela\Redes y Protocolos\Sistemas embebidos\curso-lse\lpc845\ejemplos\freertos\Debug\libfreertos.a(port.o)
                0x00006e16                ulSetInterruptMaskFromISR
 .text.vClearInterruptMaskFromISR
                0x00006e22        0x8 C:\Users\diazs\Desktop\Programacion escuela\Redes y Protocolos\Sistemas embebidos\curso-lse\lpc845\ejemplos\freertos\Debug\libfreertos.a(port.o)
                0x00006e22                vClearInterruptMaskFromISR
 .text.__main   0x00006e2a        0xc C:/nxp/MCUXpressoIDE_11.10.0_3148/ide/plugins/com.nxp.mcuxpresso.tools.win32_11.10.0.202311280810/tools/bin/../lib/gcc/arm-none-eabi/13.2.1/../../../../arm-none-eabi/lib/thumb/v6-m/nofp\libcr_semihost_nf.a(_cr__main.o)
                0x00006e2a                __CR_SEMIHOST
                0x00006e2a                __main
 .text.memcpy   0x00006e36        0x8 C:/nxp/MCUXpressoIDE_11.10.0_3148/ide/plugins/com.nxp.mcuxpresso.tools.win32_11.10.0.202311280810/tools/bin/../lib/gcc/arm-none-eabi/13.2.1/../../../../arm-none-eabi/lib/thumb/v6-m/nofp\libcr_c.a(memcpy.o)
                0x00006e36                memcpy
 .text.memset   0x00006e3e        0x8 C:/nxp/MCUXpressoIDE_11.10.0_3148/ide/plugins/com.nxp.mcuxpresso.tools.win32_11.10.0.202311280810/tools/bin/../lib/gcc/arm-none-eabi/13.2.1/../../../../arm-none-eabi/lib/thumb/v6-m/nofp\libcr_c.a(memset.o)
                0x00006e3e                memset
 .text.free     0x00006e46       0x2c C:/nxp/MCUXpressoIDE_11.10.0_3148/ide/plugins/com.nxp.mcuxpresso.tools.win32_11.10.0.202311280810/tools/bin/../lib/gcc/arm-none-eabi/13.2.1/../../../../arm-none-eabi/lib/thumb/v6-m/nofp\libcr_c.a(alloc.o)
                0x00006e46                free
 .text.no_fp_display
                0x00006e72        0x4 C:/nxp/MCUXpressoIDE_11.10.0_3148/ide/plugins/com.nxp.mcuxpresso.tools.win32_11.10.0.202311280810/tools/bin/../lib/gcc/arm-none-eabi/13.2.1/../../../../arm-none-eabi/lib/thumb/v6-m/nofp\libcr_c.a(printf.o)
 .text.remove   0x00006e76       0x12 C:/nxp/MCUXpressoIDE_11.10.0_3148/ide/plugins/com.nxp.mcuxpresso.tools.win32_11.10.0.202311280810/tools/bin/../lib/gcc/arm-none-eabi/13.2.1/../../../../arm-none-eabi/lib/thumb/v6-m/nofp\libcr_c.a(remove.o)
                0x00006e76                remove
 .text.__aeabi_division_idivmod
                0x00006e88       0x78 C:/nxp/MCUXpressoIDE_11.10.0_3148/ide/plugins/com.nxp.mcuxpresso.tools.win32_11.10.0.202311280810/tools/bin/../lib/gcc/arm-none-eabi/13.2.1/thumb/v6-m/nofp\libcr_eabihelpers.a(division_32.o)
                0x00006e88                __aeabi_idivmod
                0x00006e88                __aeabi_idiv
                0x00006e8e                __aeabi_uidivmod
                0x00006e8e                __aeabi_uidiv
 .text.__aeabi_division_uldivmod
                0x00006f00       0x5a C:/nxp/MCUXpressoIDE_11.10.0_3148/ide/plugins/com.nxp.mcuxpresso.tools.win32_11.10.0.202311280810/tools/bin/../lib/gcc/arm-none-eabi/13.2.1/thumb/v6-m/nofp\libcr_eabihelpers.a(division_64.o)
                0x00006f00                __aeabi_uldivmod
 .text.__aeabi_division_idiv0
                0x00006f5a        0x2 C:/nxp/MCUXpressoIDE_11.10.0_3148/ide/plugins/com.nxp.mcuxpresso.tools.win32_11.10.0.202311280810/tools/bin/../lib/gcc/arm-none-eabi/13.2.1/thumb/v6-m/nofp\libcr_eabihelpers.a(division_idiv0.o)
                0x00006f5a                __aeabi_idiv0
 .text.__bhs_ui2d
                0x00006f5c       0x5e C:/nxp/MCUXpressoIDE_11.10.0_3148/ide/plugins/com.nxp.mcuxpresso.tools.win32_11.10.0.202311280810/tools/bin/../lib/gcc/arm-none-eabi/13.2.1/thumb/v6-m/nofp\libcr_eabihelpers.a(double.o)
                0x00006f5c                __bhs_ui2d
 .text.__aeabi_i2d
                0x00006fba       0x18 C:/nxp/MCUXpressoIDE_11.10.0_3148/ide/plugins/com.nxp.mcuxpresso.tools.win32_11.10.0.202311280810/tools/bin/../lib/gcc/arm-none-eabi/13.2.1/thumb/v6-m/nofp\libcr_eabihelpers.a(double.o)
                0x00006fba                __aeabi_i2d
 .text.__aeabi_llong_lmul
                0x00006fd2       0x2e C:/nxp/MCUXpressoIDE_11.10.0_3148/ide/plugins/com.nxp.mcuxpresso.tools.win32_11.10.0.202311280810/tools/bin/../lib/gcc/arm-none-eabi/13.2.1/thumb/v6-m/nofp\libcr_eabihelpers.a(llong.o)
                0x00006fd2                __aeabi_lmul
 .text.__aeabi_memcpy
                0x00007000       0x2c C:/nxp/MCUXpressoIDE_11.10.0_3148/ide/plugins/com.nxp.mcuxpresso.tools.win32_11.10.0.202311280810/tools/bin/../lib/gcc/arm-none-eabi/13.2.1/thumb/v6-m/nofp\libcr_eabihelpers.a(memcpy.o)
                0x00007000                __aeabi_memcpy4
                0x00007000                __aeabi_memcpy8
                0x00007000                __aeabi_memcpy
 .text.__aeabi_memset_lowlevel
                0x0000702c       0x2a C:/nxp/MCUXpressoIDE_11.10.0_3148/ide/plugins/com.nxp.mcuxpresso.tools.win32_11.10.0.202311280810/tools/bin/../lib/gcc/arm-none-eabi/13.2.1/thumb/v6-m/nofp\libcr_eabihelpers.a(memcpy.o)
                0x0000702c                __aeabi_lowlevel_memset
 .text.__gnu_thumb1_case_uqi
                0x00007056       0x10 C:/nxp/MCUXpressoIDE_11.10.0_3148/ide/plugins/com.nxp.mcuxpresso.tools.win32_11.10.0.202311280810/tools/bin/../lib/gcc/arm-none-eabi/13.2.1/thumb/v6-m/nofp\libcr_eabihelpers.a(thumb1_switch_helpers.o)
                0x00007056                __gnu_thumb1_case_uqi
 .text.__gnu_thumb1_case_shi
                0x00007066       0x10 C:/nxp/MCUXpressoIDE_11.10.0_3148/ide/plugins/com.nxp.mcuxpresso.tools.win32_11.10.0.202311280810/tools/bin/../lib/gcc/arm-none-eabi/13.2.1/thumb/v6-m/nofp\libcr_eabihelpers.a(thumb1_switch_helpers.o)
                0x00007066                __gnu_thumb1_case_shi
 .text.__gnu_thumb1_case_uhi
                0x00007076       0x10 C:/nxp/MCUXpressoIDE_11.10.0_3148/ide/plugins/com.nxp.mcuxpresso.tools.win32_11.10.0.202311280810/tools/bin/../lib/gcc/arm-none-eabi/13.2.1/thumb/v6-m/nofp\libcr_eabihelpers.a(thumb1_switch_helpers.o)
                0x00007076                __gnu_thumb1_case_uhi
 .text.__sys_close
                0x00007086        0xc C:/nxp/MCUXpressoIDE_11.10.0_3148/ide/plugins/com.nxp.mcuxpresso.tools.win32_11.10.0.202311280810/tools/bin/../lib/gcc/arm-none-eabi/13.2.1/../../../../arm-none-eabi/lib/thumb/v6-m/nofp\libcr_semihost_nf.a(__sys_close.o)
                0x00007086                __sys_close
 .text.__sys_flen
                0x00007092        0xc C:/nxp/MCUXpressoIDE_11.10.0_3148/ide/plugins/com.nxp.mcuxpresso.tools.win32_11.10.0.202311280810/tools/bin/../lib/gcc/arm-none-eabi/13.2.1/../../../../arm-none-eabi/lib/thumb/v6-m/nofp\libcr_semihost_nf.a(__sys_flen.o)
                0x00007092                __sys_flen
 .text.__sys_istty
                0x0000709e        0xc C:/nxp/MCUXpressoIDE_11.10.0_3148/ide/plugins/com.nxp.mcuxpresso.tools.win32_11.10.0.202311280810/tools/bin/../lib/gcc/arm-none-eabi/13.2.1/../../../../arm-none-eabi/lib/thumb/v6-m/nofp\libcr_semihost_nf.a(__sys_istty.o)
                0x0000709e                __sys_istty
 .text.__sys_remove
                0x000070aa        0xc C:/nxp/MCUXpressoIDE_11.10.0_3148/ide/plugins/com.nxp.mcuxpresso.tools.win32_11.10.0.202311280810/tools/bin/../lib/gcc/arm-none-eabi/13.2.1/../../../../arm-none-eabi/lib/thumb/v6-m/nofp\libcr_semihost_nf.a(__sys_remove.o)
                0x000070aa                __sys_remove
 .text.__sys_seek
                0x000070b6        0xc C:/nxp/MCUXpressoIDE_11.10.0_3148/ide/plugins/com.nxp.mcuxpresso.tools.win32_11.10.0.202311280810/tools/bin/../lib/gcc/arm-none-eabi/13.2.1/../../../../arm-none-eabi/lib/thumb/v6-m/nofp\libcr_semihost_nf.a(__sys_seek.o)
                0x000070b6                __sys_seek
 .text.__sys_tmpnam
                0x000070c2        0xc C:/nxp/MCUXpressoIDE_11.10.0_3148/ide/plugins/com.nxp.mcuxpresso.tools.win32_11.10.0.202311280810/tools/bin/../lib/gcc/arm-none-eabi/13.2.1/../../../../arm-none-eabi/lib/thumb/v6-m/nofp\libcr_semihost_nf.a(__sys_tmpnam.o)
                0x000070c2                __sys_tmpnam
 .text.__sys_write
                0x000070ce        0xc C:/nxp/MCUXpressoIDE_11.10.0_3148/ide/plugins/com.nxp.mcuxpresso.tools.win32_11.10.0.202311280810/tools/bin/../lib/gcc/arm-none-eabi/13.2.1/../../../../arm-none-eabi/lib/thumb/v6-m/nofp\libcr_semihost_nf.a(__sys_write.o)
                0x000070ce                __sys_write
 *(SORT_BY_ALIGNMENT(.rodata) SORT_BY_ALIGNMENT(.rodata.*) SORT_BY_ALIGNMENT(.constdata) SORT_BY_ALIGNMENT(.constdata.*))
 *fill*         0x000070da        0x2 ff
 .rodata.__assertion_failed.str1.4
                0x000070dc      0xdad ./utilities/fsl_assert.o
                                 0x14 (size before relaxing)
 .rodata.SCTIMER_StartTimer.str1.4
                0x00007e89      0x3ad ./source/Tp_Integrador.o
 *fill*         0x00007e89        0x3 ff
 .rodata        0x00007e8c        0x3 ./source/Tp_Integrador.o
 .rodata.task_consola.str1.4
                0x00007e8f       0x1e ./source/Tp_Integrador.o
 .rodata.main.str1.4
                0x00007e8f       0x3c ./source/Tp_Integrador.o
 *fill*         0x00007e8f        0x1 ff
 .rodata        0x00007e90       0x57 ./source/wrappers.o
 .rodata.wrapper_display_write.str1.4
                0x00007ee7        0xb ./source/wrappers.o
 .rodata.ADC_GetInstance.str1.4
                0x00007ee7       0x31 ./drivers/fsl_adc.o
 .rodata.ADC_Init.str1.4
                0x00007ee7       0x1e ./drivers/fsl_adc.o
 .rodata.ADC_DoSelfCalibration.str1.4
                0x00007ee7       0x20 ./drivers/fsl_adc.o
 .rodata.ADC_SetConvSeqAConfig.str1.4
                0x00007ee7       0x1f ./drivers/fsl_adc.o
 .rodata.ADC_GetChannelConversionResult.str1.4
                0x00007ee7       0x48 ./drivers/fsl_adc.o
 .rodata.CLOCK_UpdateClkSrc.str1.4
                0x00007ee7       0x17 ./drivers/fsl_clock.o
 *fill*         0x00007ee7        0x1 ff
 .rodata.CLOCK_GetFreq
                0x00007ee8       0x24 ./drivers/fsl_clock.o
 .rodata.SDK_DelayAtLeastUs.str1.4
                0x00007f0c       0x2b ./drivers/fsl_common_arm.o
 .rodata.s_gpioClockName
                0x00007f0c        0x4 ./drivers/fsl_gpio.o
 .rodata.s_gpioResets
                0x00007f10        0x8 ./drivers/fsl_gpio.o
 .rodata.GPIO_EnablePortClock.str1.4
                0x00007f18       0x33 ./drivers/fsl_gpio.o
 .rodata.s_i2cBases
                0x00007f18       0x10 ./drivers/fsl_i2c.o
 .rodata.s_i2cClocks
                0x00007f28        0x8 ./drivers/fsl_i2c.o
 .rodata.s_i2cResets
                0x00007f30       0x10 ./drivers/fsl_i2c.o
 .rodata.I2C_GetInstance.str1.4
                0x00007f40       0x32 ./drivers/fsl_i2c.o
 .rodata.I2C_MasterWriteBlocking.str1.4
                0x00007f40       0x1f ./drivers/fsl_i2c.o
 .rodata.I2C_MasterReadBlocking.str1.4
                0x00007f40       0x1f ./drivers/fsl_i2c.o
 .rodata.RESET_SetPeripheralReset.str1.4
                0x00007f40       0x1f ./drivers/fsl_reset.o
 .rodata.RESET_ClearPeripheralReset.str1.4
                0x00007f40       0x1f ./drivers/fsl_reset.o
 .rodata.SCTIMER_StartTimer.str1.4
                0x00007f40      0x12a ./drivers/fsl_sctimer.o
 .rodata.SCTIMER_StopTimer.str1.4
                0x00007f40      0x12a ./drivers/fsl_sctimer.o
 .rodata.SCTIMER_SetupOutputSetAction.str1.4
                0x00007f40       0x4a ./drivers/fsl_sctimer.o
 .rodata.SCTIMER_SetupOutputClearAction.str1.4
                0x00007f40       0x4a ./drivers/fsl_sctimer.o
 .rodata.SCTIMER_SetupCounterLimitAction.str1.4
                0x00007f40       0xc9 ./drivers/fsl_sctimer.o
 .rodata.SCTIMER_GetInstance.str1.4
                0x00007f40       0x2c ./drivers/fsl_sctimer.o
 .rodata.SCTIMER_Init.str1.4
                0x00007f40       0x23 ./drivers/fsl_sctimer.o
 .rodata.SCTIMER_GetDefaultConfig.str1.4
                0x00007f40       0x23 ./drivers/fsl_sctimer.o
 .rodata.SCTIMER_SetupPwm.str1.4
                0x00007f40      0x119 ./drivers/fsl_sctimer.o
 .rodata.SCTIMER_UpdatePwmDutycycle.str1.4
                0x00007f40       0xc5 ./drivers/fsl_sctimer.o
 .rodata.SPI0_DriverIRQHandler.str1.4
                0x00007f40       0x27 ./drivers/fsl_spi.o
 .rodata.SPI1_DriverIRQHandler.str1.4
                0x00007f40       0x27 ./drivers/fsl_spi.o
 .rodata.SWM_SetMovablePinSelect.str1.4
                0x00007f40       0x49 ./drivers/fsl_swm.o
 .rodata.SWM_SetFixedPinSelect.str1.4
                0x00007f40       0x1d ./drivers/fsl_swm.o
 .rodata.CLOCK_SetCoreSysClkDiv.str1.4
                0x00007f40       0xa1 ./board/clock_config.o
 .rodata.uxTopUsedPriority
                0x00007f40        0x4 C:\Users\diazs\Desktop\Programacion escuela\Redes y Protocolos\Sistemas embebidos\curso-lse\lpc845\ejemplos\freertos\Debug\libfreertos.a(tasks.o)
                0x00007f40                uxTopUsedPriority
 .rodata.vTaskStartScheduler.str1.4
                0x00007f44        0x5 C:\Users\diazs\Desktop\Programacion escuela\Redes y Protocolos\Sistemas embebidos\curso-lse\lpc845\ejemplos\freertos\Debug\libfreertos.a(tasks.o)
 .rodata.__num_Ciob_streams
                0x00007f44        0x4 C:/nxp/MCUXpressoIDE_11.10.0_3148/ide/plugins/com.nxp.mcuxpresso.tools.win32_11.10.0.202311280810/tools/bin/../lib/gcc/arm-none-eabi/13.2.1/../../../../arm-none-eabi/lib/thumb/v6-m/nofp\libcr_semihost_nf.a(__ciob.o)
                0x00007f44                __num_Ciob_streams
 .rodata._Csys_alloc.str1.1
                0x00007f48       0x53 C:/nxp/MCUXpressoIDE_11.10.0_3148/ide/plugins/com.nxp.mcuxpresso.tools.win32_11.10.0.202311280810/tools/bin/../lib/gcc/arm-none-eabi/13.2.1/../../../../arm-none-eabi/lib/thumb/v6-m/nofp\libcr_c.a(alloc.o)
                                 0x18 (size before relaxing)
 .rodata._initio.str1.1
                0x00007f9b        0x4 C:/nxp/MCUXpressoIDE_11.10.0_3148/ide/plugins/com.nxp.mcuxpresso.tools.win32_11.10.0.202311280810/tools/bin/../lib/gcc/arm-none-eabi/13.2.1/../../../../arm-none-eabi/lib/thumb/v6-m/nofp\libcr_c.a(initio.o)
 .rodata.__vfprintf.str1.1
                0x00007f9b       0x38 C:/nxp/MCUXpressoIDE_11.10.0_3148/ide/plugins/com.nxp.mcuxpresso.tools.win32_11.10.0.202311280810/tools/bin/../lib/gcc/arm-none-eabi/13.2.1/../../../../arm-none-eabi/lib/thumb/v6-m/nofp\libcr_c.a(printf.o)
                0x0000806c                        . = ALIGN (0x4)
 *fill*         0x00007f9b        0x1 ff

.glue_7         0x00007f9c        0x0
 .glue_7        0x00007f9c        0x0 linker stubs

.glue_7t        0x00007f9c        0x0
 .glue_7t       0x00007f9c        0x0 linker stubs

.vfp11_veneer   0x00007f9c        0x0
 .vfp11_veneer  0x00007f9c        0x0 linker stubs

.v4_bx          0x00007f9c        0x0
 .v4_bx         0x00007f9c        0x0 linker stubs

.iplt           0x00007f9c        0x0
 .iplt          0x00007f9c        0x0 ./utilities/fsl_assert.o

.rel.dyn        0x00007f9c        0x0
 .rel.iplt      0x00007f9c        0x0 ./utilities/fsl_assert.o

.ARM.extab
 *(SORT_BY_ALIGNMENT(.ARM.extab*) SORT_BY_ALIGNMENT(.gnu.linkonce.armextab.*))

.ARM.exidx      0x00007f9c        0x0
                0x00007f9c                        __exidx_start = .
 *(SORT_BY_ALIGNMENT(.ARM.exidx*) SORT_BY_ALIGNMENT(.gnu.linkonce.armexidx.*))
                0x00007f9c                        __exidx_end = .
                0x00007f9c                        _etext = .

.mtb_buffer_RAM2
 *(SORT_BY_ALIGNMENT(.mtb.$RAM2*))
 *(SORT_BY_ALIGNMENT(.mtb.$IAP_SRAM*))

.data_RAM2      0x10003fe0        0x0 load address 0x00007f9c
 FILL mask 0xff
                [!provide]                        PROVIDE (__start_data_RAM2 = .)
                [!provide]                        PROVIDE (__start_data_IAP_SRAM = .)
 *(SORT_BY_ALIGNMENT(.ramfunc.$RAM2))
 *(SORT_BY_ALIGNMENT(.ramfunc.$IAP_SRAM))
 *(SORT_BY_ALIGNMENT(.data.$RAM2))
 *(SORT_BY_ALIGNMENT(.data.$IAP_SRAM))
 *(SORT_BY_ALIGNMENT(.data.$RAM2.*))
 *(SORT_BY_ALIGNMENT(.data.$IAP_SRAM.*))
                0x10003fe0                        . = ALIGN (0x4)
                [!provide]                        PROVIDE (__end_data_RAM2 = .)
                [!provide]                        PROVIDE (__end_data_IAP_SRAM = .)

.mtb_buffer_default
                0x10000000       0x80
 *(SORT_BY_ALIGNMENT(.mtb*))
 .mtb.$RAM1     0x10000000       0x80 ./source/mtb.o
                0x10000000                __mtb_buffer__

.uninit_RESERVED
                0x10000080        0x0
                0x10000080                        _start_uninit_RESERVED = .
 *(SORT_BY_ALIGNMENT(.bss.$RESERVED*))
                0x10000080                        . = ALIGN (0x4)
                0x10000080                        _end_uninit_RESERVED = .

.data           0x10000080        0xc load address 0x00007f9c
 FILL mask 0xff
                0x10000080                        _data = .
                [!provide]                        PROVIDE (__start_data_RAM = .)
                [!provide]                        PROVIDE (__start_data_SRAM = .)
 *(SORT_BY_ALIGNMENT(vtable))
 *(SORT_BY_ALIGNMENT(.ramfunc*))
 *(SORT_BY_ALIGNMENT(CodeQuickAccess))
 *(SORT_BY_ALIGNMENT(DataQuickAccess))
 *(SORT_BY_ALIGNMENT(RamFunction))
 *(SORT_BY_ALIGNMENT(.data*))
 .data.SystemCoreClock
                0x10000080        0x4 ./device/system_LPC845.o
                0x10000080                SystemCoreClock
 .data.xFreeBytesRemaining
                0x10000084        0x4 C:\Users\diazs\Desktop\Programacion escuela\Redes y Protocolos\Sistemas embebidos\curso-lse\lpc845\ejemplos\freertos\Debug\libfreertos.a(heap_2.o)
 .data.uxCriticalNesting
                0x10000088        0x4 C:\Users\diazs\Desktop\Programacion escuela\Redes y Protocolos\Sistemas embebidos\curso-lse\lpc845\ejemplos\freertos\Debug\libfreertos.a(port.o)
                0x1000008c                        . = ALIGN (0x4)
                0x1000008c                        _edata = .
                [!provide]                        PROVIDE (__end_data_RAM = .)
                [!provide]                        PROVIDE (__end_data_SRAM = .)

.igot.plt       0x1000008c        0x0 load address 0x00007fa8
 .igot.plt      0x1000008c        0x0 ./utilities/fsl_assert.o

.bss_RAM2       0x10003fe0        0x0
                [!provide]                        PROVIDE (__start_bss_RAM2 = .)
                [!provide]                        PROVIDE (__start_bss_IAP_SRAM = .)
 *(SORT_BY_ALIGNMENT(.bss.$RAM2))
 *(SORT_BY_ALIGNMENT(.bss.$IAP_SRAM))
 *(SORT_BY_ALIGNMENT(.bss.$RAM2.*))
 *(SORT_BY_ALIGNMENT(.bss.$IAP_SRAM.*))
                0x10003fe0                        . = ALIGN ((. != 0x0)?0x4:0x1)
                [!provide]                        PROVIDE (__end_bss_RAM2 = .)
                [!provide]                        PROVIDE (__end_bss_IAP_SRAM = .)

.bss            0x1000008c     0x22b8
                0x1000008c                        _bss = .
                [!provide]                        PROVIDE (__start_bss_RAM = .)
                [!provide]                        PROVIDE (__start_bss_SRAM = .)
 *(SORT_BY_ALIGNMENT(.bss*))
 .bss.event     0x1000008c        0x4 ./source/Tp_Integrador.o
                0x1000008c                event
 .bss.queue_setpoint
                0x10000090        0x4 ./source/Tp_Integrador.o
                0x10000090                queue_setpoint
 .bss.queue_boo_var
                0x10000094        0x4 ./source/Tp_Integrador.o
                0x10000094                queue_boo_var
 .bss.queue_adc
                0x10000098        0x4 ./source/Tp_Integrador.o
                0x10000098                queue_adc
 .bss.queue_light_intensity
                0x1000009c        0x4 ./source/Tp_Integrador.o
                0x1000009c                queue_light_intensity
 .bss.g_Ext_Clk_Freq
                0x100000a0        0x4 ./drivers/fsl_clock.o
                0x100000a0                g_Ext_Clk_Freq
 .bss.g_Wdt_Osc_Freq
                0x100000a4        0x4 ./drivers/fsl_clock.o
                0x100000a4                g_Wdt_Osc_Freq
 .bss.s_ctimerCallback
                0x100000a8        0x4 ./drivers/fsl_ctimer.o
 .bss.ctimerCallbackType
                0x100000ac        0x1 ./drivers/fsl_ctimer.o
 *fill*         0x100000ad        0x3 
 .bss.s_i2cHandle
                0x100000b0       0x10 ./drivers/fsl_i2c.o
 .bss.s_i2cMasterIsr
                0x100000c0        0x4 ./drivers/fsl_i2c.o
 .bss.s_i2cSlaveIsr
                0x100000c4        0x4 ./drivers/fsl_i2c.o
 .bss.s_eventCallback
                0x100000c8       0x20 ./drivers/fsl_sctimer.o
 .bss.s_currentEvent
                0x100000e8        0x4 ./drivers/fsl_sctimer.o
 .bss.s_currentState
                0x100000ec        0x4 ./drivers/fsl_sctimer.o
 .bss.s_currentMatch
                0x100000f0        0x4 ./drivers/fsl_sctimer.o
 .bss.s_currentMatchhigh
                0x100000f4        0x4 ./drivers/fsl_sctimer.o
 .bss.s_sctimerIsr
                0x100000f8        0x4 ./drivers/fsl_sctimer.o
 .bss.s_spiHandle
                0x100000fc        0x8 ./drivers/fsl_spi.o
 .bss.s_spiMasterIsr
                0x10000104        0x4 ./drivers/fsl_spi.o
 .bss.s_spiSlaveIsr
                0x10000108        0x4 ./drivers/fsl_spi.o
 .bss.s_usartHandle
                0x1000010c       0x14 ./drivers/fsl_usart.o
 .bss.s_usartIsr
                0x10000120        0x4 ./drivers/fsl_usart.o
 .bss.pxCurrentTCB
                0x10000124        0x4 C:\Users\diazs\Desktop\Programacion escuela\Redes y Protocolos\Sistemas embebidos\curso-lse\lpc845\ejemplos\freertos\Debug\libfreertos.a(tasks.o)
                0x10000124                pxCurrentTCB
 .bss.pxReadyTasksLists
                0x10000128       0xa0 C:\Users\diazs\Desktop\Programacion escuela\Redes y Protocolos\Sistemas embebidos\curso-lse\lpc845\ejemplos\freertos\Debug\libfreertos.a(tasks.o)
 .bss.xDelayedTaskList1
                0x100001c8       0x14 C:\Users\diazs\Desktop\Programacion escuela\Redes y Protocolos\Sistemas embebidos\curso-lse\lpc845\ejemplos\freertos\Debug\libfreertos.a(tasks.o)
 .bss.xDelayedTaskList2
                0x100001dc       0x14 C:\Users\diazs\Desktop\Programacion escuela\Redes y Protocolos\Sistemas embebidos\curso-lse\lpc845\ejemplos\freertos\Debug\libfreertos.a(tasks.o)
 .bss.pxDelayedTaskList
                0x100001f0        0x4 C:\Users\diazs\Desktop\Programacion escuela\Redes y Protocolos\Sistemas embebidos\curso-lse\lpc845\ejemplos\freertos\Debug\libfreertos.a(tasks.o)
 .bss.pxOverflowDelayedTaskList
                0x100001f4        0x4 C:\Users\diazs\Desktop\Programacion escuela\Redes y Protocolos\Sistemas embebidos\curso-lse\lpc845\ejemplos\freertos\Debug\libfreertos.a(tasks.o)
 .bss.xPendingReadyList
                0x100001f8       0x14 C:\Users\diazs\Desktop\Programacion escuela\Redes y Protocolos\Sistemas embebidos\curso-lse\lpc845\ejemplos\freertos\Debug\libfreertos.a(tasks.o)
 .bss.xTasksWaitingTermination
                0x1000020c       0x14 C:\Users\diazs\Desktop\Programacion escuela\Redes y Protocolos\Sistemas embebidos\curso-lse\lpc845\ejemplos\freertos\Debug\libfreertos.a(tasks.o)
 .bss.uxDeletedTasksWaitingCleanUp
                0x10000220        0x4 C:\Users\diazs\Desktop\Programacion escuela\Redes y Protocolos\Sistemas embebidos\curso-lse\lpc845\ejemplos\freertos\Debug\libfreertos.a(tasks.o)
 .bss.xSuspendedTaskList
                0x10000224       0x14 C:\Users\diazs\Desktop\Programacion escuela\Redes y Protocolos\Sistemas embebidos\curso-lse\lpc845\ejemplos\freertos\Debug\libfreertos.a(tasks.o)
 .bss.uxCurrentNumberOfTasks
                0x10000238        0x4 C:\Users\diazs\Desktop\Programacion escuela\Redes y Protocolos\Sistemas embebidos\curso-lse\lpc845\ejemplos\freertos\Debug\libfreertos.a(tasks.o)
 .bss.xTickCount
                0x1000023c        0x4 C:\Users\diazs\Desktop\Programacion escuela\Redes y Protocolos\Sistemas embebidos\curso-lse\lpc845\ejemplos\freertos\Debug\libfreertos.a(tasks.o)
 .bss.uxTopReadyPriority
                0x10000240        0x4 C:\Users\diazs\Desktop\Programacion escuela\Redes y Protocolos\Sistemas embebidos\curso-lse\lpc845\ejemplos\freertos\Debug\libfreertos.a(tasks.o)
 .bss.xSchedulerRunning
                0x10000244        0x4 C:\Users\diazs\Desktop\Programacion escuela\Redes y Protocolos\Sistemas embebidos\curso-lse\lpc845\ejemplos\freertos\Debug\libfreertos.a(tasks.o)
 .bss.xPendedTicks
                0x10000248        0x4 C:\Users\diazs\Desktop\Programacion escuela\Redes y Protocolos\Sistemas embebidos\curso-lse\lpc845\ejemplos\freertos\Debug\libfreertos.a(tasks.o)
 .bss.xYieldPending
                0x1000024c        0x4 C:\Users\diazs\Desktop\Programacion escuela\Redes y Protocolos\Sistemas embebidos\curso-lse\lpc845\ejemplos\freertos\Debug\libfreertos.a(tasks.o)
 .bss.xNumOfOverflows
                0x10000250        0x4 C:\Users\diazs\Desktop\Programacion escuela\Redes y Protocolos\Sistemas embebidos\curso-lse\lpc845\ejemplos\freertos\Debug\libfreertos.a(tasks.o)
 .bss.uxTaskNumber
                0x10000254        0x4 C:\Users\diazs\Desktop\Programacion escuela\Redes y Protocolos\Sistemas embebidos\curso-lse\lpc845\ejemplos\freertos\Debug\libfreertos.a(tasks.o)
 .bss.xNextTaskUnblockTime
                0x10000258        0x4 C:\Users\diazs\Desktop\Programacion escuela\Redes y Protocolos\Sistemas embebidos\curso-lse\lpc845\ejemplos\freertos\Debug\libfreertos.a(tasks.o)
 .bss.xIdleTaskHandle
                0x1000025c        0x4 C:\Users\diazs\Desktop\Programacion escuela\Redes y Protocolos\Sistemas embebidos\curso-lse\lpc845\ejemplos\freertos\Debug\libfreertos.a(tasks.o)
 .bss.uxSchedulerSuspended
                0x10000260        0x4 C:\Users\diazs\Desktop\Programacion escuela\Redes y Protocolos\Sistemas embebidos\curso-lse\lpc845\ejemplos\freertos\Debug\libfreertos.a(tasks.o)
 .bss.ucHeap    0x10000264     0x2000 C:\Users\diazs\Desktop\Programacion escuela\Redes y Protocolos\Sistemas embebidos\curso-lse\lpc845\ejemplos\freertos\Debug\libfreertos.a(heap_2.o)
 .bss.xStart    0x10002264        0x8 C:\Users\diazs\Desktop\Programacion escuela\Redes y Protocolos\Sistemas embebidos\curso-lse\lpc845\ejemplos\freertos\Debug\libfreertos.a(heap_2.o)
 .bss.xEnd      0x1000226c        0x8 C:\Users\diazs\Desktop\Programacion escuela\Redes y Protocolos\Sistemas embebidos\curso-lse\lpc845\ejemplos\freertos\Debug\libfreertos.a(heap_2.o)
 .bss.xHeapHasBeenInitialised.0
                0x10002274        0x4 C:\Users\diazs\Desktop\Programacion escuela\Redes y Protocolos\Sistemas embebidos\curso-lse\lpc845\ejemplos\freertos\Debug\libfreertos.a(heap_2.o)
 .bss.ulTimerCountsForOneTick
                0x10002278        0x4 C:\Users\diazs\Desktop\Programacion escuela\Redes y Protocolos\Sistemas embebidos\curso-lse\lpc845\ejemplos\freertos\Debug\libfreertos.a(port.o)
 .bss.xMaximumPossibleSuppressedTicks
                0x1000227c        0x4 C:\Users\diazs\Desktop\Programacion escuela\Redes y Protocolos\Sistemas embebidos\curso-lse\lpc845\ejemplos\freertos\Debug\libfreertos.a(port.o)
 .bss.ulStoppedTimerCompensation
                0x10002280        0x4 C:\Users\diazs\Desktop\Programacion escuela\Redes y Protocolos\Sistemas embebidos\curso-lse\lpc845\ejemplos\freertos\Debug\libfreertos.a(port.o)
 .bss.errno     0x10002284        0x4 C:/nxp/MCUXpressoIDE_11.10.0_3148/ide/plugins/com.nxp.mcuxpresso.tools.win32_11.10.0.202311280810/tools/bin/../lib/gcc/arm-none-eabi/13.2.1/../../../../arm-none-eabi/lib/thumb/v6-m/nofp\libcr_c.a(errno.o)
                0x10002284                errno
 .bss.__end_of_heap
                0x10002288        0x4 C:/nxp/MCUXpressoIDE_11.10.0_3148/ide/plugins/com.nxp.mcuxpresso.tools.win32_11.10.0.202311280810/tools/bin/../lib/gcc/arm-none-eabi/13.2.1/../../../../arm-none-eabi/lib/thumb/v6-m/nofp\libcr_c.a(__init_alloc.o)
                0x10002288                __end_of_heap
 .bss.__heaps   0x1000228c        0x4 C:/nxp/MCUXpressoIDE_11.10.0_3148/ide/plugins/com.nxp.mcuxpresso.tools.win32_11.10.0.202311280810/tools/bin/../lib/gcc/arm-none-eabi/13.2.1/../../../../arm-none-eabi/lib/thumb/v6-m/nofp\libcr_c.a(__init_alloc.o)
                0x1000228c                __heaps
 .bss.__Ciob    0x10002290       0xb4 C:/nxp/MCUXpressoIDE_11.10.0_3148/ide/plugins/com.nxp.mcuxpresso.tools.win32_11.10.0.202311280810/tools/bin/../lib/gcc/arm-none-eabi/13.2.1/../../../../arm-none-eabi/lib/thumb/v6-m/nofp\libcr_semihost_nf.a(__ciob.o)
                0x10002290                __Ciob
 *(SORT_BY_ALIGNMENT(COMMON))
                0x10002344                        . = ALIGN (0x4)
                0x10002344                        _ebss = .
                [!provide]                        PROVIDE (__end_bss_RAM = .)
                [!provide]                        PROVIDE (__end_bss_SRAM = .)
                [!provide]                        PROVIDE (end = .)

.noinit_RAM2    0x10003fe0        0x0
                [!provide]                        PROVIDE (__start_noinit_RAM2 = .)
                [!provide]                        PROVIDE (__start_noinit_IAP_SRAM = .)
 *(SORT_BY_ALIGNMENT(.noinit.$RAM2))
 *(SORT_BY_ALIGNMENT(.noinit.$IAP_SRAM))
 *(SORT_BY_ALIGNMENT(.noinit.$RAM2.*))
 *(SORT_BY_ALIGNMENT(.noinit.$IAP_SRAM.*))
                0x10003fe0                        . = ALIGN (0x4)
                [!provide]                        PROVIDE (__end_noinit_RAM2 = .)
                [!provide]                        PROVIDE (__end_noinit_IAP_SRAM = .)

.noinit         0x10002344        0x0
                0x10002344                        _noinit = .
                [!provide]                        PROVIDE (__start_noinit_RAM = .)
                [!provide]                        PROVIDE (__start_noinit_SRAM = .)
 *(SORT_BY_ALIGNMENT(.noinit*))
                0x10002344                        . = ALIGN (0x4)
                0x10002344                        _end_noinit = .
                [!provide]                        PROVIDE (__end_noinit_RAM = .)
                [!provide]                        PROVIDE (__end_noinit_SRAM = .)
                0x000003f8                        _HeapSize = 0x3f8

.heap           0x10002344      0x3f8
                0x10002344                        _pvHeapStart = .
                0x1000273c                        . = (. + _HeapSize)
 *fill*         0x10002344      0x3f8 
                0x1000273c                        . = ALIGN (0x4)
                0x1000273c                        _pvHeapLimit = .
                0x000003f8                        _StackSize = 0x3f8

.heap2stackfill
                0x1000273c      0x3f8
                0x10002b34                        . = (. + _StackSize)
 *fill*         0x1000273c      0x3f8 

.stack          0x10003be8        0x0
                0x10003be8                        _vStackBase = .
                0x10003be8                        . = ALIGN (0x4)
                0x10003fe0                        _vStackTop = (. + _StackSize)
                0xefffb29f                        PROVIDE (__valid_user_code_checksum = (0x0 - (((_vStackTop + (ResetISR + 0x1)) + (DEFINED (NMI_Handler)?NMI_Handler:M0_NMI_Handler + 0x1)) + (DEFINED (HardFault_Handler)?HardFault_Handler:M0_HardFault_Handler + 0x1))))
                0x00000000                        _image_start = LOADADDR (.text)
                0x00007fa8                        _image_end = (LOADADDR (.data) + SIZEOF (.data))
                0x00007fa8                        _image_size = (_image_end - _image_start)
OUTPUT(Tp_Integrador.axf elf32-littlearm)
LOAD linker stubs

.debug_info     0x00000000    0x200c1
 .debug_info    0x00000000      0x12e ./utilities/fsl_assert.o
 .debug_info    0x0000012e      0x65b ./startup/startup_lpc845.o
 .debug_info    0x00000789     0x264a ./source/Tp_Integrador.o
 .debug_info    0x00002dd3       0x53 ./source/mtb.o
 .debug_info    0x00002e26       0x3c ./source/semihost_hardfault.o
 .debug_info    0x00002e62     0x2b80 ./source/wrappers.o
 .debug_info    0x000059e2     0x11e2 ./drivers/fsl_adc.o
 .debug_info    0x00006bc4     0x1330 ./drivers/fsl_clock.o
 .debug_info    0x00007ef4      0x10d ./drivers/fsl_common_arm.o
 .debug_info    0x00008001     0x179c ./drivers/fsl_ctimer.o
 .debug_info    0x0000979d      0xe0d ./drivers/fsl_gpio.o
 .debug_info    0x0000a5aa     0x265e ./drivers/fsl_i2c.o
 .debug_info    0x0000cc08      0x743 ./drivers/fsl_reset.o
 .debug_info    0x0000d34b     0x1cde ./drivers/fsl_sctimer.o
 .debug_info    0x0000f029     0x1d84 ./drivers/fsl_spi.o
 .debug_info    0x00010dad      0x73b ./drivers/fsl_swm.o
 .debug_info    0x000114e8     0x1c2f ./drivers/fsl_usart.o
 .debug_info    0x00013117      0x6b7 ./device/system_LPC845.o
 .debug_info    0x000137ce      0x90a ./board/board.o
 .debug_info    0x000140d8      0xaac ./board/clock_config.o
 .debug_info    0x00014b84     0x12d8 C:\Users\diazs\Desktop\Programacion escuela\Redes y Protocolos\Sistemas embebidos\curso-lse\lpc845\ejemplos\freertos\Debug\libfreertos.a(queue.o)
 .debug_info    0x00015e5c     0x1eb9 C:\Users\diazs\Desktop\Programacion escuela\Redes y Protocolos\Sistemas embebidos\curso-lse\lpc845\ejemplos\freertos\Debug\libfreertos.a(tasks.o)
 .debug_info    0x00017d15      0x371 C:\Users\diazs\Desktop\Programacion escuela\Redes y Protocolos\Sistemas embebidos\curso-lse\lpc845\ejemplos\freertos\Debug\libfreertos.a(heap_2.o)
 .debug_info    0x00018086      0x2be C:\Users\diazs\Desktop\Programacion escuela\Redes y Protocolos\Sistemas embebidos\curso-lse\lpc845\ejemplos\freertos\Debug\libfreertos.a(list.o)
 .debug_info    0x00018344      0x3a9 C:\Users\diazs\Desktop\Programacion escuela\Redes y Protocolos\Sistemas embebidos\curso-lse\lpc845\ejemplos\freertos\Debug\libfreertos.a(port.o)
 .debug_info    0x000186ed       0x85 C:/nxp/MCUXpressoIDE_11.10.0_3148/ide/plugins/com.nxp.mcuxpresso.tools.win32_11.10.0.202311280810/tools/bin/../lib/gcc/arm-none-eabi/13.2.1/../../../../arm-none-eabi/lib/thumb/v6-m/nofp\libcr_semihost_nf.a(_cr__main.o)
 .debug_info    0x00018772      0x12b C:/nxp/MCUXpressoIDE_11.10.0_3148/ide/plugins/com.nxp.mcuxpresso.tools.win32_11.10.0.202311280810/tools/bin/../lib/gcc/arm-none-eabi/13.2.1/../../../../arm-none-eabi/lib/thumb/v6-m/nofp\libcr_c.a(memcpy.o)
 .debug_info    0x0001889d       0xfc C:/nxp/MCUXpressoIDE_11.10.0_3148/ide/plugins/com.nxp.mcuxpresso.tools.win32_11.10.0.202311280810/tools/bin/../lib/gcc/arm-none-eabi/13.2.1/../../../../arm-none-eabi/lib/thumb/v6-m/nofp\libcr_c.a(memset.o)
 .debug_info    0x00018999      0x526 C:/nxp/MCUXpressoIDE_11.10.0_3148/ide/plugins/com.nxp.mcuxpresso.tools.win32_11.10.0.202311280810/tools/bin/../lib/gcc/arm-none-eabi/13.2.1/../../../../arm-none-eabi/lib/thumb/v6-m/nofp\libcr_c.a(alloc.o)
 .debug_info    0x00018ebf       0x44 C:/nxp/MCUXpressoIDE_11.10.0_3148/ide/plugins/com.nxp.mcuxpresso.tools.win32_11.10.0.202311280810/tools/bin/../lib/gcc/arm-none-eabi/13.2.1/../../../../arm-none-eabi/lib/thumb/v6-m/nofp\libcr_c.a(errno.o)
 .debug_info    0x00018f03      0x353 C:/nxp/MCUXpressoIDE_11.10.0_3148/ide/plugins/com.nxp.mcuxpresso.tools.win32_11.10.0.202311280810/tools/bin/../lib/gcc/arm-none-eabi/13.2.1/../../../../arm-none-eabi/lib/thumb/v6-m/nofp\libcr_c.a(initio.o)
 .debug_info    0x00019256     0x12cc C:/nxp/MCUXpressoIDE_11.10.0_3148/ide/plugins/com.nxp.mcuxpresso.tools.win32_11.10.0.202311280810/tools/bin/../lib/gcc/arm-none-eabi/13.2.1/../../../../arm-none-eabi/lib/thumb/v6-m/nofp\libcr_c.a(printf.o)
 .debug_info    0x0001a522      0x1fd C:/nxp/MCUXpressoIDE_11.10.0_3148/ide/plugins/com.nxp.mcuxpresso.tools.win32_11.10.0.202311280810/tools/bin/../lib/gcc/arm-none-eabi/13.2.1/../../../../arm-none-eabi/lib/thumb/v6-m/nofp\libcr_c.a(setvbuf.o)
 .debug_info    0x0001a71f       0xdd C:/nxp/MCUXpressoIDE_11.10.0_3148/ide/plugins/com.nxp.mcuxpresso.tools.win32_11.10.0.202311280810/tools/bin/../lib/gcc/arm-none-eabi/13.2.1/../../../../arm-none-eabi/lib/thumb/v6-m/nofp\libcr_c.a(strlen.o)
 .debug_info    0x0001a7fc       0xd4 C:/nxp/MCUXpressoIDE_11.10.0_3148/ide/plugins/com.nxp.mcuxpresso.tools.win32_11.10.0.202311280810/tools/bin/../lib/gcc/arm-none-eabi/13.2.1/../../../../arm-none-eabi/lib/thumb/v6-m/nofp\libcr_c.a(__init_alloc.o)
 .debug_info    0x0001a8d0      0x107 C:/nxp/MCUXpressoIDE_11.10.0_3148/ide/plugins/com.nxp.mcuxpresso.tools.win32_11.10.0.202311280810/tools/bin/../lib/gcc/arm-none-eabi/13.2.1/../../../../arm-none-eabi/lib/thumb/v6-m/nofp\libcr_c.a(_cr_sbrk.o)
 .debug_info    0x0001a9d7      0x364 C:/nxp/MCUXpressoIDE_11.10.0_3148/ide/plugins/com.nxp.mcuxpresso.tools.win32_11.10.0.202311280810/tools/bin/../lib/gcc/arm-none-eabi/13.2.1/../../../../arm-none-eabi/lib/thumb/v6-m/nofp\libcr_c.a(_deferredlazyseek.o)
 .debug_info    0x0001ad3b      0x24b C:/nxp/MCUXpressoIDE_11.10.0_3148/ide/plugins/com.nxp.mcuxpresso.tools.win32_11.10.0.202311280810/tools/bin/../lib/gcc/arm-none-eabi/13.2.1/../../../../arm-none-eabi/lib/thumb/v6-m/nofp\libcr_c.a(_fdopen.o)
 .debug_info    0x0001af86      0x1ea C:/nxp/MCUXpressoIDE_11.10.0_3148/ide/plugins/com.nxp.mcuxpresso.tools.win32_11.10.0.202311280810/tools/bin/../lib/gcc/arm-none-eabi/13.2.1/../../../../arm-none-eabi/lib/thumb/v6-m/nofp\libcr_c.a(_fflush.o)
 .debug_info    0x0001b170      0x28a C:/nxp/MCUXpressoIDE_11.10.0_3148/ide/plugins/com.nxp.mcuxpresso.tools.win32_11.10.0.202311280810/tools/bin/../lib/gcc/arm-none-eabi/13.2.1/../../../../arm-none-eabi/lib/thumb/v6-m/nofp\libcr_c.a(_writebuf.o)
 .debug_info    0x0001b3fa      0x325 C:/nxp/MCUXpressoIDE_11.10.0_3148/ide/plugins/com.nxp.mcuxpresso.tools.win32_11.10.0.202311280810/tools/bin/../lib/gcc/arm-none-eabi/13.2.1/../../../../arm-none-eabi/lib/thumb/v6-m/nofp\libcr_c.a(fclose.o)
 .debug_info    0x0001b71f      0x210 C:/nxp/MCUXpressoIDE_11.10.0_3148/ide/plugins/com.nxp.mcuxpresso.tools.win32_11.10.0.202311280810/tools/bin/../lib/gcc/arm-none-eabi/13.2.1/../../../../arm-none-eabi/lib/thumb/v6-m/nofp\libcr_c.a(fflush.o)
 .debug_info    0x0001b92f      0x27f C:/nxp/MCUXpressoIDE_11.10.0_3148/ide/plugins/com.nxp.mcuxpresso.tools.win32_11.10.0.202311280810/tools/bin/../lib/gcc/arm-none-eabi/13.2.1/../../../../arm-none-eabi/lib/thumb/v6-m/nofp\libcr_c.a(fseek.o)
 .debug_info    0x0001bbae      0x197 C:/nxp/MCUXpressoIDE_11.10.0_3148/ide/plugins/com.nxp.mcuxpresso.tools.win32_11.10.0.202311280810/tools/bin/../lib/gcc/arm-none-eabi/13.2.1/../../../../arm-none-eabi/lib/thumb/v6-m/nofp\libcr_c.a(ftell.o)
 .debug_info    0x0001bd45      0x1d0 C:/nxp/MCUXpressoIDE_11.10.0_3148/ide/plugins/com.nxp.mcuxpresso.tools.win32_11.10.0.202311280810/tools/bin/../lib/gcc/arm-none-eabi/13.2.1/../../../../arm-none-eabi/lib/thumb/v6-m/nofp\libcr_c.a(remove.o)
 .debug_info    0x0001bf15       0x71 C:/nxp/MCUXpressoIDE_11.10.0_3148/ide/plugins/com.nxp.mcuxpresso.tools.win32_11.10.0.202311280810/tools/bin/../lib/gcc/arm-none-eabi/13.2.1/../../../../arm-none-eabi/lib/thumb/v6-m/nofp\libcr_c.a(_cr_check_heap.o)
 .debug_info    0x0001bf86      0x241 C:/nxp/MCUXpressoIDE_11.10.0_3148/ide/plugins/com.nxp.mcuxpresso.tools.win32_11.10.0.202311280810/tools/bin/../lib/gcc/arm-none-eabi/13.2.1/../../../../arm-none-eabi/lib/thumb/v6-m/nofp\libcr_c.a(_do_fflush.o)
 .debug_info    0x0001c1c7     0x21fe C:/nxp/MCUXpressoIDE_11.10.0_3148/ide/plugins/com.nxp.mcuxpresso.tools.win32_11.10.0.202311280810/tools/bin/../lib/gcc/arm-none-eabi/13.2.1/thumb/v6-m/nofp\libcr_eabihelpers.a(double.o)
 .debug_info    0x0001e3c5     0x1b71 C:/nxp/MCUXpressoIDE_11.10.0_3148/ide/plugins/com.nxp.mcuxpresso.tools.win32_11.10.0.202311280810/tools/bin/../lib/gcc/arm-none-eabi/13.2.1/thumb/v6-m/nofp\libcr_eabihelpers.a(float.o)
 .debug_info    0x0001ff36      0x18b C:/nxp/MCUXpressoIDE_11.10.0_3148/ide/plugins/com.nxp.mcuxpresso.tools.win32_11.10.0.202311280810/tools/bin/../lib/gcc/arm-none-eabi/13.2.1/../../../../arm-none-eabi/lib/thumb/v6-m/nofp\libcr_semihost_nf.a(__ciob.o)

.debug_abbrev   0x00000000     0x565a
 .debug_abbrev  0x00000000       0xbd ./utilities/fsl_assert.o
 .debug_abbrev  0x000000bd      0x1a5 ./startup/startup_lpc845.o
 .debug_abbrev  0x00000262      0x47c ./source/Tp_Integrador.o
 .debug_abbrev  0x000006de       0x46 ./source/mtb.o
 .debug_abbrev  0x00000724       0x31 ./source/semihost_hardfault.o
 .debug_abbrev  0x00000755      0x36c ./source/wrappers.o
 .debug_abbrev  0x00000ac1      0x29a ./drivers/fsl_adc.o
 .debug_abbrev  0x00000d5b      0x301 ./drivers/fsl_clock.o
 .debug_abbrev  0x0000105c       0xba ./drivers/fsl_common_arm.o
 .debug_abbrev  0x00001116      0x375 ./drivers/fsl_ctimer.o
 .debug_abbrev  0x0000148b      0x1f7 ./drivers/fsl_gpio.o
 .debug_abbrev  0x00001682      0x3be ./drivers/fsl_i2c.o
 .debug_abbrev  0x00001a40      0x16c ./drivers/fsl_reset.o
 .debug_abbrev  0x00001bac      0x3a4 ./drivers/fsl_sctimer.o
 .debug_abbrev  0x00001f50      0x374 ./drivers/fsl_spi.o
 .debug_abbrev  0x000022c4      0x18d ./drivers/fsl_swm.o
 .debug_abbrev  0x00002451      0x35a ./drivers/fsl_usart.o
 .debug_abbrev  0x000027ab      0x143 ./device/system_LPC845.o
 .debug_abbrev  0x000028ee      0x125 ./board/board.o
 .debug_abbrev  0x00002a13      0x23a ./board/clock_config.o
 .debug_abbrev  0x00002c4d      0x2bd C:\Users\diazs\Desktop\Programacion escuela\Redes y Protocolos\Sistemas embebidos\curso-lse\lpc845\ejemplos\freertos\Debug\libfreertos.a(queue.o)
 .debug_abbrev  0x00002f0a      0x2fe C:\Users\diazs\Desktop\Programacion escuela\Redes y Protocolos\Sistemas embebidos\curso-lse\lpc845\ejemplos\freertos\Debug\libfreertos.a(tasks.o)
 .debug_abbrev  0x00003208      0x1e2 C:\Users\diazs\Desktop\Programacion escuela\Redes y Protocolos\Sistemas embebidos\curso-lse\lpc845\ejemplos\freertos\Debug\libfreertos.a(heap_2.o)
 .debug_abbrev  0x000033ea       0xf2 C:\Users\diazs\Desktop\Programacion escuela\Redes y Protocolos\Sistemas embebidos\curso-lse\lpc845\ejemplos\freertos\Debug\libfreertos.a(list.o)
 .debug_abbrev  0x000034dc      0x228 C:\Users\diazs\Desktop\Programacion escuela\Redes y Protocolos\Sistemas embebidos\curso-lse\lpc845\ejemplos\freertos\Debug\libfreertos.a(port.o)
 .debug_abbrev  0x00003704       0x62 C:/nxp/MCUXpressoIDE_11.10.0_3148/ide/plugins/com.nxp.mcuxpresso.tools.win32_11.10.0.202311280810/tools/bin/../lib/gcc/arm-none-eabi/13.2.1/../../../../arm-none-eabi/lib/thumb/v6-m/nofp\libcr_semihost_nf.a(_cr__main.o)
 .debug_abbrev  0x00003766       0xb3 C:/nxp/MCUXpressoIDE_11.10.0_3148/ide/plugins/com.nxp.mcuxpresso.tools.win32_11.10.0.202311280810/tools/bin/../lib/gcc/arm-none-eabi/13.2.1/../../../../arm-none-eabi/lib/thumb/v6-m/nofp\libcr_c.a(memcpy.o)
 .debug_abbrev  0x00003819       0xa5 C:/nxp/MCUXpressoIDE_11.10.0_3148/ide/plugins/com.nxp.mcuxpresso.tools.win32_11.10.0.202311280810/tools/bin/../lib/gcc/arm-none-eabi/13.2.1/../../../../arm-none-eabi/lib/thumb/v6-m/nofp\libcr_c.a(memset.o)
 .debug_abbrev  0x000038be      0x27b C:/nxp/MCUXpressoIDE_11.10.0_3148/ide/plugins/com.nxp.mcuxpresso.tools.win32_11.10.0.202311280810/tools/bin/../lib/gcc/arm-none-eabi/13.2.1/../../../../arm-none-eabi/lib/thumb/v6-m/nofp\libcr_c.a(alloc.o)
 .debug_abbrev  0x00003b39       0x44 C:/nxp/MCUXpressoIDE_11.10.0_3148/ide/plugins/com.nxp.mcuxpresso.tools.win32_11.10.0.202311280810/tools/bin/../lib/gcc/arm-none-eabi/13.2.1/../../../../arm-none-eabi/lib/thumb/v6-m/nofp\libcr_c.a(errno.o)
 .debug_abbrev  0x00003b7d      0x14b C:/nxp/MCUXpressoIDE_11.10.0_3148/ide/plugins/com.nxp.mcuxpresso.tools.win32_11.10.0.202311280810/tools/bin/../lib/gcc/arm-none-eabi/13.2.1/../../../../arm-none-eabi/lib/thumb/v6-m/nofp\libcr_c.a(initio.o)
 .debug_abbrev  0x00003cc8      0x3af C:/nxp/MCUXpressoIDE_11.10.0_3148/ide/plugins/com.nxp.mcuxpresso.tools.win32_11.10.0.202311280810/tools/bin/../lib/gcc/arm-none-eabi/13.2.1/../../../../arm-none-eabi/lib/thumb/v6-m/nofp\libcr_c.a(printf.o)
 .debug_abbrev  0x00004077       0xe1 C:/nxp/MCUXpressoIDE_11.10.0_3148/ide/plugins/com.nxp.mcuxpresso.tools.win32_11.10.0.202311280810/tools/bin/../lib/gcc/arm-none-eabi/13.2.1/../../../../arm-none-eabi/lib/thumb/v6-m/nofp\libcr_c.a(setvbuf.o)
 .debug_abbrev  0x00004158       0xa5 C:/nxp/MCUXpressoIDE_11.10.0_3148/ide/plugins/com.nxp.mcuxpresso.tools.win32_11.10.0.202311280810/tools/bin/../lib/gcc/arm-none-eabi/13.2.1/../../../../arm-none-eabi/lib/thumb/v6-m/nofp\libcr_c.a(strlen.o)
 .debug_abbrev  0x000041fd       0xaf C:/nxp/MCUXpressoIDE_11.10.0_3148/ide/plugins/com.nxp.mcuxpresso.tools.win32_11.10.0.202311280810/tools/bin/../lib/gcc/arm-none-eabi/13.2.1/../../../../arm-none-eabi/lib/thumb/v6-m/nofp\libcr_c.a(__init_alloc.o)
 .debug_abbrev  0x000042ac       0xd3 C:/nxp/MCUXpressoIDE_11.10.0_3148/ide/plugins/com.nxp.mcuxpresso.tools.win32_11.10.0.202311280810/tools/bin/../lib/gcc/arm-none-eabi/13.2.1/../../../../arm-none-eabi/lib/thumb/v6-m/nofp\libcr_c.a(_cr_sbrk.o)
 .debug_abbrev  0x0000437f      0x147 C:/nxp/MCUXpressoIDE_11.10.0_3148/ide/plugins/com.nxp.mcuxpresso.tools.win32_11.10.0.202311280810/tools/bin/../lib/gcc/arm-none-eabi/13.2.1/../../../../arm-none-eabi/lib/thumb/v6-m/nofp\libcr_c.a(_deferredlazyseek.o)
 .debug_abbrev  0x000044c6      0x119 C:/nxp/MCUXpressoIDE_11.10.0_3148/ide/plugins/com.nxp.mcuxpresso.tools.win32_11.10.0.202311280810/tools/bin/../lib/gcc/arm-none-eabi/13.2.1/../../../../arm-none-eabi/lib/thumb/v6-m/nofp\libcr_c.a(_fdopen.o)
 .debug_abbrev  0x000045df       0xf1 C:/nxp/MCUXpressoIDE_11.10.0_3148/ide/plugins/com.nxp.mcuxpresso.tools.win32_11.10.0.202311280810/tools/bin/../lib/gcc/arm-none-eabi/13.2.1/../../../../arm-none-eabi/lib/thumb/v6-m/nofp\libcr_c.a(_fflush.o)
 .debug_abbrev  0x000046d0      0x126 C:/nxp/MCUXpressoIDE_11.10.0_3148/ide/plugins/com.nxp.mcuxpresso.tools.win32_11.10.0.202311280810/tools/bin/../lib/gcc/arm-none-eabi/13.2.1/../../../../arm-none-eabi/lib/thumb/v6-m/nofp\libcr_c.a(_writebuf.o)
 .debug_abbrev  0x000047f6      0x158 C:/nxp/MCUXpressoIDE_11.10.0_3148/ide/plugins/com.nxp.mcuxpresso.tools.win32_11.10.0.202311280810/tools/bin/../lib/gcc/arm-none-eabi/13.2.1/../../../../arm-none-eabi/lib/thumb/v6-m/nofp\libcr_c.a(fclose.o)
 .debug_abbrev  0x0000494e      0x122 C:/nxp/MCUXpressoIDE_11.10.0_3148/ide/plugins/com.nxp.mcuxpresso.tools.win32_11.10.0.202311280810/tools/bin/../lib/gcc/arm-none-eabi/13.2.1/../../../../arm-none-eabi/lib/thumb/v6-m/nofp\libcr_c.a(fflush.o)
 .debug_abbrev  0x00004a70      0x11b C:/nxp/MCUXpressoIDE_11.10.0_3148/ide/plugins/com.nxp.mcuxpresso.tools.win32_11.10.0.202311280810/tools/bin/../lib/gcc/arm-none-eabi/13.2.1/../../../../arm-none-eabi/lib/thumb/v6-m/nofp\libcr_c.a(fseek.o)
 .debug_abbrev  0x00004b8b       0xc2 C:/nxp/MCUXpressoIDE_11.10.0_3148/ide/plugins/com.nxp.mcuxpresso.tools.win32_11.10.0.202311280810/tools/bin/../lib/gcc/arm-none-eabi/13.2.1/../../../../arm-none-eabi/lib/thumb/v6-m/nofp\libcr_c.a(ftell.o)
 .debug_abbrev  0x00004c4d       0xed C:/nxp/MCUXpressoIDE_11.10.0_3148/ide/plugins/com.nxp.mcuxpresso.tools.win32_11.10.0.202311280810/tools/bin/../lib/gcc/arm-none-eabi/13.2.1/../../../../arm-none-eabi/lib/thumb/v6-m/nofp\libcr_c.a(remove.o)
 .debug_abbrev  0x00004d3a       0x6b C:/nxp/MCUXpressoIDE_11.10.0_3148/ide/plugins/com.nxp.mcuxpresso.tools.win32_11.10.0.202311280810/tools/bin/../lib/gcc/arm-none-eabi/13.2.1/../../../../arm-none-eabi/lib/thumb/v6-m/nofp\libcr_c.a(_cr_check_heap.o)
 .debug_abbrev  0x00004da5      0x12c C:/nxp/MCUXpressoIDE_11.10.0_3148/ide/plugins/com.nxp.mcuxpresso.tools.win32_11.10.0.202311280810/tools/bin/../lib/gcc/arm-none-eabi/13.2.1/../../../../arm-none-eabi/lib/thumb/v6-m/nofp\libcr_c.a(_do_fflush.o)
 .debug_abbrev  0x00004ed1      0x37b C:/nxp/MCUXpressoIDE_11.10.0_3148/ide/plugins/com.nxp.mcuxpresso.tools.win32_11.10.0.202311280810/tools/bin/../lib/gcc/arm-none-eabi/13.2.1/thumb/v6-m/nofp\libcr_eabihelpers.a(double.o)
 .debug_abbrev  0x0000524c      0x359 C:/nxp/MCUXpressoIDE_11.10.0_3148/ide/plugins/com.nxp.mcuxpresso.tools.win32_11.10.0.202311280810/tools/bin/../lib/gcc/arm-none-eabi/13.2.1/thumb/v6-m/nofp\libcr_eabihelpers.a(float.o)